******************************************************************************
                  TI ARM Linker PC v20.2.3                     
******************************************************************************
>> Linked Sun Jan 24 19:21:47 2021

OUTPUT FILE NAME:   <tcp_client_v4.out>
ENTRY POINT SYMBOL: "_c_int00"  address: 0000f5b5


MEMORY CONFIGURATION

         name            origin    length      used     unused   attr    fill
----------------------  --------  ---------  --------  --------  ----  --------
  FLASH                 00000000   00100000  00016b42  000e94be  R  X
  SRAM                  20000000   00040000  0001b3b0  00024c50  RW X


SEGMENT ALLOCATION MAP

run origin  load origin   length   init length attrs members
----------  ----------- ---------- ----------- ----- -------
00000000    00000000    00016b48   00016b48    r-x
  00000000    00000000    0000003c   0000003c    r-- .resetVecs
  00000040    00000040    00014052   00014052    r-x .text
  00014094    00014094    0000265c   0000265c    r-- .const
  000166f0    000166f0    00000458   00000458    r-- .cinit
20000000    20000000    00000360   00000000    rw-
  20000000    20000000    00000360   00000000    rw- .vecs
20000380    20000380    0001b050   00000000    rw-
  20000380    20000380    00019e84   00000000    rw- .bss
  2001a204    2001a204    000009cc   00000000    rw- .data
  2001abd0    2001abd0    00000800   00000000    rw- .stack


SECTION ALLOCATION MAP

 output                                  attributes/
section   page    origin      length       input sections
--------  ----  ----------  ----------   ----------------
.text      0    00000040    00014052     
                  00000040    00000c68     stk.aem4f : tcpin.oem4f (.text:TcpInput)
                  00000ca8    00000a4e     rtsv7M4_T_le_v4SPD16_eabi.lib : _printfi.c.obj (.text:__TI_printfi)
                  000016f6    00000002     hal_userled_stub.aem4f : llled.oem4f (.text:LED_TOGGLE)
                  000016f8    000008b8     stk.aem4f : tcpout.oem4f (.text:TcpOutput)
                  00001fb0    0000049c     httpget.obj (.text:serverSocketTask)
                  0000244c    00000004     stk.aem4f : bind.oem4f (.text:BindGetIF)
                  00002450    00000430     sysbios.aem4f : BIOS.obj (.text:ti_sysbios_family_arm_m3_Hwi_excDumpRegs__I)
                  00002880    00000408     stk.aem4f : ipout.oem4f (.text:IPTxPacket)
                  00002c88    00000384               : ipin.oem4f (.text:IPRxPacket)
                  0000300c    0000034c     ti.targets.arm.rtsarm.aem4f : System.oem4f (.text:xdc_runtime_System_doPrint__I)
                  00003358    000002a0     rtsv7M4_T_le_v4SPD16_eabi.lib : mktime.c.obj (.text:__mktime32)
                  000035f8    00000284     stk.aem4f : sock.oem4f (.text:SockSet)
                  0000387c    00000270     rtsv7M4_T_le_v4SPD16_eabi.lib : _printfi.c.obj (.text:_pconv_a)
                  00003aec    0000024c     stk.aem4f : ipfrag.oem4f (.text:IPReasm)
                  00003d38    0000023c               : icmpin.oem4f (.text:ICMPInput)
                  00003f74    00000238               : udp.oem4f (.text:UdpInput)
                  000041ac    00000204     Boot.aem4f : Boot_sysctl.oem4f (.text:ti_catalog_arm_cortexm4_tiva_ce_Boot_sysCtlClockFreqSetI__I)
                  000043b0    000001f4     stk.aem4f : sock.oem4f (.text:SockRecv)
                  000045a4    00000004               : bind.oem4f (.text:BindGetNext)
                  000045a8    000001f4     sysbios.aem4f : BIOS.obj (.text:ti_sysbios_family_arm_m3_Hwi_excHandlerMax__I)
                  0000479c    000001d0     rtsv7M4_T_le_v4SPD16_eabi.lib : _printfi.c.obj (.text:_pconv_g)
                  0000496c    000001b8     drivers_tivaware.aem4f : EMACSnow.oem4f (.text:EMACSnow_NIMUInit)
                  00004b24    000001b6     rtsv7M4_T_le_v4SPD16_eabi.lib : fd_add_t2.asm.obj (.text)
                  00004cda    00000002     stk.aem4f : nat.oem4f (.text:NatMsg)
                  00004cdc    000001b0               : lliout.oem4f (.text:LLITxIpPacket)
                  00004e8c    000001ac               : lliin.oem4f (.text:LLIRxPacket)
                  00005038    0000019c     os.aem4f : mem.oem4f (.text:mmAlloc)
                  000051d4    00000198     stk.aem4f : igmp.oem4f (.text:IGMPInput)
                  0000536c    00000190               : sock.oem4f (.text:SockNew)
                  000054fc    00000174     netctrl_min_ipv4.aem4f : netctrl.oem4f (.text:NC_NetStart)
                  00005670    00000174     sysbios.aem4f : BIOS.obj (.text:ti_sysbios_family_arm_m3_Hwi_excBusFault__I)
                  000057e4    00000174     httpget.obj (.text:timeNTP)
                  00005958    00000170     stk.aem4f : rtc.oem4f (.text:RTCReport)
                  00005ac8    0000016a               : sb.oem4f (.text:SBRead)
                  00005c32    00000006     driverlib.lib : emac.obj (.text:EMACRxDMADescriptorListSet)
                  00005c38    00000164     sysbios.aem4f : BIOS.obj (.text:ti_sysbios_family_arm_m3_Hwi_excUsageFault__I)
                  00005d9c    00000160     stk.aem4f : sock.oem4f (.text:SockConnect)
                  00005efc    00000158     nettool_ipv4.aem4f : dhcpmain.oem4f (.text:DHCPOpen)
                  00006054    00000150     drivers_tivaware.aem4f : GPIOTiva.oem4f (.text:GPIO_setConfig)
                  000061a4    00000004     driverlib.lib : i2c.obj (.text:I2CMasterControl)
                  000061a8    00000148     sysbios.aem4f : BIOS.obj (.text:ti_sysbios_family_arm_m3_Hwi_excMemFault__I)
                  000062f0    00000148                   : BIOS.obj (.text:ti_sysbios_knl_Task_Instance_finalize__E)
                  00006438    00000144     stk.aem4f : bind.oem4f (.text:BindNew)
                  0000657c    00000140               : tcp.oem4f (.text:TcpTimeoutCheck)
                  000066bc    0000013c     nettool_ipv4.aem4f : config.oem4f (.text:CfgAddEntry)
                  000067f8    0000013c     stk.aem4f : sockint.oem4f (.text:SockNotify)
                  00006934    0000013c               : sock.oem4f (.text:SockSend)
                  00006a70    0000013c     rtsv7M4_T_le_v4SPD16_eabi.lib : _printfi.c.obj (.text:_pconv_e)
                  00006bac    00000136                                   : fd_div_t2.asm.obj (.text)
                  00006ce2    00000002     os.aem4f : task.oem4f (.text:_TaskInit)
                  00006ce4    00000134     stk.aem4f : icmp.oem4f (.text:ICMPGenPacket)
                  00006e18    00000134     rtsv7M4_T_le_v4SPD16_eabi.lib : localtim.c.obj (.text:__localtime32)
                  00006f4c    00000130     driverlib.lib : gpio.obj (.text:GPIOPadConfigSet)
                  0000707c    0000012c     EK_TM4C1294XL.obj (.text:EK_TM4C1294XL_initEMAC)
                  000071a8    00000128     sysbios.aem4f : BIOS.obj (.text:ti_sysbios_knl_Semaphore_pend__E)
                  000072d0    00000124     stk.aem4f : sockpcb.oem4f (.text:SockPcbResolve)
                  000073f4    00000124               : udp.oem4f (.text:UdpOutput)
                  00007518    00000124     rtsv7M4_T_le_v4SPD16_eabi.lib : _printfi.c.obj (.text:fcvt)
                  0000763c    00000120     httpget_pem4f.oem4f (.text:ti_ndk_config_Global_stackThread)
                  0000775c    00000118     stk.aem4f : tcpout.oem4f (.text:TcpGenPacket)
                  00007874    00000118     ti.targets.arm.rtsarm.aem4f : Error.oem4f (.text:xdc_runtime_Error_policyDefault__E)
                  0000798c    00000114     stk.aem4f : nimu.oem4f (.text:NIMUIoctl)
                  00007aa0    00000110               : node.oem4f (.text:NodeTreeFree)
                  00007bb0    00000110               : raw.oem4f (.text:RawInput)
                  00007cc0    00000110     httpget.obj (.text:createTasks)
                  00007dd0    00000110     rtsv7M4_T_le_v4SPD16_eabi.lib : s_scalbn.c.obj (.text:scalbn)
                  00007ee0    0000010c     stk.aem4f : rtable.oem4f (.text:RtFind)
                  00007fec    0000010a               : route.oem4f (.text:RtCreate)
                  000080f6    00000002     os.aem4f : task.oem4f (.text:_TaskShutdown)
                  000080f8    00000108     drivers_tivaware.aem4f : EMACSnow.oem4f (.text:EMACSnow_emacStart)
                  00008200    00000108     sysbios.aem4f : BIOS.obj (.text:ti_sysbios_family_arm_lm4_Timer_start__E)
                  00008308    00000104     os.aem4f : task.oem4f (.text:llEnter)
                  0000840c    00000102     nettool_ipv4.aem4f : dhcppkt.oem4f (.text:dhcpPacketProcess)
                  0000850e    00000102                        : inetaddr.oem4f (.text:inet_aton)
                  00008610    00000100     stk.aem4f : igmp.oem4f (.text:IGMPSendReply)
                  00008710    00000100     ti.targets.arm.rtsarm.aem4f : Core-mem.oem4f (.text:xdc_runtime_Core_createObject__I)
                  00008810    000000fc     netctrl_min_ipv4.aem4f : netctrl.oem4f (.text:NetScheduler)
                  0000890c    000000fc     rtsv7M4_T_le_v4SPD16_eabi.lib : fd_mul_t2.asm.obj (.text)
                  00008a08    000000f8     stk.aem4f : pipe.oem4f (.text:PipeRecv)
                  00008b00    000000f8     ti.targets.arm.rtsarm.aem4f : Startup.oem4f (.text:xdc_runtime_Startup_startMods__I)
                  00008bf8    000000f8     httpget_pem4f.oem4f (.text:xdc_runtime_System_printfExtend__I)
                  00008cf0    000000f4     os.aem4f : task.oem4f (.text:TaskGetEnv)
                  00008de4    000000f4     sysbios.aem4f : m3_Hwi_asm.obj (.text:ti_sysbios_family_arm_m3_Hwi_dispatch__I)
                  00008ed8    000000f4                   : BIOS.obj (.text:ti_sysbios_knl_Task_Instance_init__E)
                  00008fcc    000000f0     stk.aem4f : lliout.oem4f (.text:LLIGenArpPacket)
                  000090bc    000000f0               : sock.oem4f (.text:SockClose)
                  000091ac    000000e8     os.aem4f : task.oem4f (.text:TaskSetEnv)
                  00009294    00000004     driverlib.lib : i2c.obj (.text:I2CMasterDataGet)
                  00009298    000000e4     sysbios.aem4f : BIOS.obj (.text:ti_sysbios_knl_Task_postInit__I)
                  0000937c    000000e0     drivers_tivaware.aem4f : I2CTiva.oem4f (.text:I2CTiva_open)
                  0000945c    000000e0     stk.aem4f : tcptime.oem4f (.text:TcpTimeoutRexmt)
                  0000953c    000000dc               : sb.oem4f (.text:SBWrite)
                  00009618    000000dc     nettool_ipv4.aem4f : dhcpsock.oem4f (.text:dhcpSocketOpen)
                  000096f4    000000dc                        : dhcpsm.oem4f (.text:dhcpState)
                  000097d0    000000d8     stk.aem4f : node.oem4f (.text:NodeAdd)
                  000098a8    000000d8               : tcpprot.oem4f (.text:TcpPrSetOption)
                  00009980    000000d6     drivers_tivaware.aem4f : I2CTiva.oem4f (.text:I2CTiva_hwiFxn)
                  00009a56    00000002     hal_ser_stub.aem4f : llserstb.oem4f (.text:_llSerialServiceCheck)
                  00009a58    000000d4     drivers_tivaware.aem4f : EMACSnow.oem4f (.text:EMACSnow_handleRx)
                  00009b2c    000000d4     stk.aem4f : sockpcb.oem4f (.text:SockPcbBind)
                  00009c00    000000d4     sysbios.aem4f : BIOS.obj (.text:ti_sysbios_heaps_HeapMem_alloc__E)
                  00009cd4    000000d1     stk.aem4f : nimu.oem4f (.text:NIMUReceivePacket)
                  00009da5    00000001     --HOLE-- [fill = 0]
                  00009da6    00000002     hal_ser_stub.aem4f : llserstb.oem4f (.text:_llSerialShutdown)
                  00009da8    000000cc     stk.aem4f : icmp.oem4f (.text:ICMPSendRtAdv)
                  00009e74    000000cc     nettool_ipv4.aem4f : dhcpbild.oem4f (.text:dhcpBuildHeader)
                  00009f40    000000cc                        : dhcpsm.oem4f (.text:dhcpIPAdd)
                  0000a00c    000000cc                        : dhcppkt.oem4f (.text:dhcpVerifyMessage)
                  0000a0d8    000000cc     ti.targets.arm.rtsarm.aem4f : Core-smem.oem4f (.text:xdc_runtime_Core_constructObject__I)
                  0000a1a4    000000c8     stk.aem4f : rawethsock.oem4f (.text:RawEthSockNew)
                  0000a26c    000000c8     netctrl_min_ipv4.aem4f : netsrv.oem4f (.text:SPIpNet)
                  0000a334    000000c4     drivers_tivaware.aem4f : EMACSnow.oem4f (.text:EMACSnow_InitDMADescriptors)
                  0000a3f8    000000c4     stk.aem4f : igmp.oem4f (.text:IGMPJoinHostGroup)
                  0000a4bc    000000c4     nettool_ipv4.aem4f : dhcpsm.oem4f (.text:StateBound)
                  0000a580    000000c0     httpget.obj (.text:getTempTask)
                  0000a640    000000c0     sysbios.aem4f : BIOS.obj (.text:ti_sysbios_knl_Task_sleep__E)
                  0000a700    000000bc     stk.aem4f : sockpcb.oem4f (.text:SockPcbFind)
                  0000a7bc    000000bc               : vlan.oem4f (.text:VLANDeinit)
                  0000a878    000000bc     sysbios.aem4f : BIOS.obj (.text:ti_sysbios_family_arm_m3_Hwi_excDebugMon__I)
                  0000a934    00000004     driverlib.lib : i2c.obj (.text:I2CMasterDataPut)
                  0000a938    000000bc     sysbios.aem4f : BIOS.obj (.text:ti_sysbios_family_arm_m3_Hwi_excHardFault__I)
                  0000a9f4    00000004     os.aem4f : ossys.oem4f (.text:NDK_vsprintf)
                  0000a9f8    000000bc     sysbios.aem4f : BIOS.obj (.text:ti_sysbios_knl_Task_exit__E)
                  0000aab4    000000b8     EK_TM4C1294XL.obj (.text:EK_TM4C1294XL_initGeneral)
                  0000ab6c    000000b8     stk.aem4f : icmpin.oem4f (.text:ICMPRevSrcRoute)
                  0000ac24    000000b8               : lli.oem4f (.text:_LLITimeoutCheck)
                  0000acdc    000000b4               : tcptime.oem4f (.text:TcpTimeoutKeep)
                  0000ad90    000000b4     sysbios.aem4f : BIOS.obj (.text:ti_sysbios_knl_Task_checkStacks__E)
                  0000ae44    000000b1     rtsv7M4_T_le_v4SPD16_eabi.lib : _printfi.c.obj (.text:_ltostr)
                  0000aef5    00000001     --HOLE-- [fill = 0]
                  0000aef6    000000b0     stk.aem4f : rawethsock.oem4f (.text:RawEthSockSet)
                  0000afa6    00000002     hal_userled_stub.aem4f : llled.oem4f (.text:_llUserLedInit)
                  0000afa8    000000ac     stk.aem4f : rtable.oem4f (.text:RtTimeoutCheck)
                  0000b054    00000004               : node.oem4f (.text:NodeSetRt)
                  0000b058    000000ac     sysbios.aem4f : BIOS.obj (.text:ti_sysbios_family_arm_lm4_Timer_enableTiva__I)
                  0000b104    000000a8     stk.aem4f : sockint.oem4f (.text:SockCreatePacket)
                  0000b1ac    00000004               : rawethsock_prot.oem4f (.text:RawEthSockPrAttach)
                  0000b1b0    000000a4     sysbios.aem4f : BIOS.obj (.text:ti_sysbios_knl_Task_setPri__E)
                  0000b254    000000a2     httpget.obj (.text:main)
                  0000b2f6    00000002     hal_userled_stub.aem4f : llled.oem4f (.text:_llUserLedShutdown)
                  0000b2f8    000000a0     stk.aem4f : ip.oem4f (.text:IPGetRoute)
                  0000b398    000000a0     auto_init.aem4f : auto_init.oem4f (.text)
                  0000b438    000000a0     ti.targets.arm.rtsarm.aem4f : Text.oem4f (.text:xdc_runtime_Text_putMod__E)
                  0000b4d8    0000009e     stk.aem4f : nimu.oem4f (.text:NIMUAddEthernetHeader)
                  0000b576    0000009e     nettool_ipv4.aem4f : dhcpbild.oem4f (.text:dhcpBuildRequest)
                  0000b614    0000009c     stk.aem4f : exec.oem4f (.text:ExecOpen)
                  0000b6b0    0000009c     rtsv7M4_T_le_v4SPD16_eabi.lib : memcpy_t2.asm.obj (.text)
                  0000b74c    0000009a     ti.targets.arm.rtsarm.aem4f : Text.oem4f (.text:xdc_runtime_Text_putSite__E)
                  0000b7e6    00000002     rtsv7M4_T_le_v4SPD16_eabi.lib : _lock.c.obj (.text:_nop)
                  0000b7e8    00000098     netctrl_min_ipv4.aem4f : netctrl.oem4f (.text:NC_SystemOpen)
                  0000b880    00000098                            : netsrv.oem4f (.text:ServiceScan)
                  0000b918    00000098     Boot.aem4f : Boot.oem4f (.text:ti_catalog_arm_cortexm4_tiva_ce_Boot_sysCtlClockFreqSet__E)
                  0000b9b0    00000098     sysbios.aem4f : BIOS.obj (.text:ti_sysbios_knl_Task_schedule__I)
                  0000ba48    00000098     httpget.obj (.text:updateDateTimeEverySecondTask)
                  0000bae0    00000096     rtsv7M4_T_le_v4SPD16_eabi.lib : ull_div_t2.asm.obj (.text)
                  0000bb76    00000002     hal_ser_stub.aem4f : llserstb.oem4f (.text:llSerialService)
                  0000bb78    00000094     nettool_ipv4.aem4f : config.oem4f (.text:CfgRemoveEntry)
                  0000bc0c    00000004     stk.aem4f : rawethsock_prot.oem4f (.text:RawEthSockPrDetach)
                  0000bc10    00000094     sysbios.aem4f : BIOS.obj (.text:ti_sysbios_family_arm_m3_Hwi_Instance_init__E)
                  0000bca4    00000004     os.aem4f : semaphore.oem4f (.text:SemPend)
                  0000bca8    00000094     sysbios.aem4f : BIOS.obj (.text:ti_sysbios_family_arm_m3_Hwi_initNVIC__E)
                  0000bd3c    00000090     nettool_ipv4.aem4f : config.oem4f (.text:CfgExecute)
                  0000bdcc    00000090     stk.aem4f : igmp.oem4f (.text:IGMPMsg)
                  0000be5c    00000090     os.aem4f : mem.oem4f (.text:mmBulkAlloc)
                  0000beec    00000004              : semaphore.oem4f (.text:SemPost)
                  0000bef0    00000090     sysbios.aem4f : BIOS.obj (.text:ti_sysbios_knl_Task_Module_startup__E)
                  0000bf80    00000090                   : BIOS.obj (.text:ti_sysbios_knl_Task_startCore__E)
                  0000c010    0000008c     drivers_tivaware.aem4f : GPIOTiva.oem4f (.text:GPIO_init)
                  0000c09c    0000008c     stk.aem4f : ip.oem4f (.text:IPMsg)
                  0000c128    0000008c     os.aem4f : mem.oem4f (.text:_mmInit)
                  0000c1b4    0000008c              : mem.oem4f (.text:mmInitPage)
                  0000c240    0000008c     sysbios.aem4f : m3_TaskSupport_asm.obj (.text:ti_sysbios_family_arm_m3_TaskSupport_buildTaskStack)
                  0000c2cc    0000008a     netctrl_min_ipv4.aem4f : netsrv.oem4f (.text:SPRoute)
                  0000c356    00000002     rtsv7M4_T_le_v4SPD16_eabi.lib : div0.asm.obj (.text)
                  0000c358    00000088     netctrl_min_ipv4.aem4f : netsrv.oem4f (.text:ServiceSpawn)
                  0000c3e0    00000088     stk.aem4f : sockpcb.oem4f (.text:SockPcbCtlError)
                  0000c468    00000088     sysbios.aem4f : BIOS.obj (.text:ti_sysbios_knl_Mailbox_post__E)
                  0000c4f0    00000087     httpget_pem4f.oem4f (.text:ti_ndk_config_Global_NetworkIPAddr)
                  0000c577    00000001     --HOLE-- [fill = 0]
                  0000c578    00000086     nettool_ipv4.aem4f : dhcpsm.oem4f (.text:StateRequesting)
                  0000c5fe    00000086     rtsv7M4_T_le_v4SPD16_eabi.lib : fd_cmp_t2.asm.obj (.text:__aeabi_cdcmple)
                  0000c684    00000086                                   : fd_cmp_t2.asm.obj (.text:__aeabi_cdrcmple)
                  0000c70a    00000002     httpget_pem4f.oem4f (.text:ti_ndk_config_Global_NetworkClose)
                  0000c70c    00000084     nettool_ipv4.aem4f : config.oem4f (.text:CfgGetEntry)
                  0000c790    00000084     drivers_tivaware.aem4f : EMACSnow.oem4f (.text:EMACSnow_processPhyInterrupt)
                  0000c814    00000084     stk.aem4f : tcpprot.oem4f (.text:TcpPrAttach)
                  0000c898    00000084     os.aem4f : mem.oem4f (.text:mmBulkFree)
                  0000c91c    00000084              : mem.oem4f (.text:mmFree)
                  0000c9a0    00000084     sysbios.aem4f : BIOS.obj (.text:ti_sysbios_family_arm_m3_Hwi_postInit__I)
                  0000ca24    00000082     nettool_ipv4.aem4f : dhcpsm.oem4f (.text:StateRenewRebind)
                  0000caa6    00000002     httpget_pem4f.oem4f (.text:ti_ndk_config_Global_NetworkOpen)
                  0000caa8    00000080     drivers_tivaware.aem4f : EMACSnow.oem4f (.text:EMACSnow_emacStop)
                  0000cb28    00000080                            : EMACSnow.oem4f (.text:EMACSnow_processPendingTx)
                  0000cba8    00000080     stk.aem4f : lli.oem4f (.text:LLINew)
                  0000cc28    00000080     netctrl_min_ipv4.aem4f : netsrv.oem4f (.text:NS_BootTask)
                  0000cca8    00000080     stk.aem4f : pbm.oem4f (.text:PBM_alloc)
                  0000cd28    00000080               : raw.oem4f (.text:RawOutput)
                  0000cda8    0000007e     drivers_tivaware.aem4f : I2CTiva.oem4f (.text:I2CTiva_transfer)
                  0000ce26    0000007e     stk.aem4f : fileuser.oem4f (.text:fdClose)
                  0000cea4    0000007c     nettool_ipv4.aem4f : config.oem4f (.text:CfgGetNextEntry)
                  0000cf20    0000007c     drivers_tivaware.aem4f : EMACSnow.oem4f (.text:EMACSnow_hwiIntFxn)
                  0000cf9c    0000007c     stk.aem4f : igmp.oem4f (.text:IGMPDoMCast)
                  0000d018    0000007c               : igmp.oem4f (.text:IGMPJoin)
                  0000d094    0000007c               : socket.oem4f (.text:NDK_setsockopt)
                  0000d110    0000007c               : nimu.oem4f (.text:NIMURegister)
                  0000d18c    0000007c               : pbm.oem4f (.text:PBM_free)
                  0000d208    0000007c     nettool_ipv4.aem4f : inetaddr.oem4f (.text:inet_pton)
                  0000d284    00000004     os.aem4f : semaphore.oem4f (.text:SemReset)
                  0000d288    0000007c     sysbios.aem4f : BIOS.obj (.text:ti_sysbios_heaps_HeapMem_free__E)
                  0000d304    0000007a     stk.aem4f : sock.oem4f (.text:SockAccept)
                  0000d37e    0000007a     rtsv7M4_T_le_v4SPD16_eabi.lib : memset_t2.asm.obj (.text)
                  0000d3f8    00000078     driverlib.lib : emac.obj (.text:EMACInit)
                  0000d470    00000078     stk.aem4f : socket.oem4f (.text:NDK_sendto)
                  0000d4e8    00000078               : tcptime.oem4f (.text:TcpXmitTimer)
                  0000d560    00000078               : fileuser.oem4f (.text:fdOpenSession)
                  0000d5d8    00000078     os.aem4f : task.oem4f (.text:llExit)
                  0000d650    00000076     stk.aem4f : pipe.oem4f (.text:PipeSend)
                  0000d6c6    00000002     httpget_pem4f.oem4f (.text:ti_sysbios_BIOS_nullFunc__I)
                  0000d6c8    00000075     stk.aem4f : tcptime.oem4f (.text:TcpTimeoutSackRexmt)
                  0000d73d    00000001     --HOLE-- [fill = 0]
                  0000d73e    00000002     httpget_pem4f.oem4f (.text:xdc_runtime_Startup_reset__I)
                  0000d740    00000074     stk.aem4f : igmp.oem4f (.text:IGMPLeaveHostGroup)
                  0000d7b4    00000074               : nimu.oem4f (.text:NIMUShutdown)
                  0000d828    00000074               : raweth.oem4f (.text:RawEthRxPacket)
                  0000d89c    00000074               : sockpcb.oem4f (.text:SockPcbConnect)
                  0000d910    00000074     sysbios.aem4f : BIOS.obj (.text:ti_sysbios_knl_Mailbox_pend__E)
                  0000d984    00000072     os.aem4f : semaphore.oem4f (.text:SemCreateBinary)
                  0000d9f6    00000070     stk.aem4f : socket.oem4f (.text:NDK_accept)
                  0000da66    00000070               : socket.oem4f (.text:NDK_send)
                  0000dad6    00000002     --HOLE-- [fill = 0]
                  0000dad8    00000070               : rtable.oem4f (.text:RtFlush)
                  0000db48    00000070     netctrl_min_ipv4.aem4f : netsrv.oem4f (.text:SPConfig)
                  0000dbb8    00000070     stk.aem4f : sock.oem4f (.text:SockShutdown)
                  0000dc28    00000070     nettool_ipv4.aem4f : dhcptags.oem4f (.text:dhcpDecodeType)
                  0000dc98    00000070     sysbios.aem4f : BIOS.obj (.text:ti_sysbios_knl_Clock_workFunc__E)
                  0000dd08    0000006e     stk.aem4f : socket.oem4f (.text:NDK_recv)
                  0000dd76    00000002     --HOLE-- [fill = 0]
                  0000dd78    0000006e               : rtable.oem4f (.text:RtWalkNext)
                  0000dde6    0000006e               : sockpcb.oem4f (.text:SockPcbFindRaw)
                  0000de54    0000006e     rtsv7M4_T_le_v4SPD16_eabi.lib : _printfi.c.obj (.text:_mcpy)
                  0000dec2    0000006e                                   : ll_div_t2.asm.obj (.text)
                  0000df30    0000006d     stk.aem4f : node.oem4f (.text:NodeNew)
                  0000df9d    00000003     --HOLE-- [fill = 0]
                  0000dfa0    0000006d     ti.targets.arm.rtsarm.aem4f : System.oem4f (.text:xdc_runtime_System_formatNum__I)
                  0000e00d    00000003     --HOLE-- [fill = 0]
                  0000e010    0000006c     os.aem4f : ossys.oem4f (.text:DbgPrintf)
                  0000e07c    0000006c     stk.aem4f : node.oem4f (.text:NodeTreeNew)
                  0000e0e8    0000006c               : raweth.oem4f (.text:RawEthTxPacket)
                  0000e154    0000006c               : udp.oem4f (.text:UdpChecksum)
                  0000e1c0    0000006c     rtsv7M4_T_le_v4SPD16_eabi.lib : asctime.c.obj (.text:asctime)
                  0000e22c    0000006c     httpget_pem4f.oem4f (.text:ti_ndk_config_ip_init)
                  0000e298    0000006c     sysbios.aem4f : BIOS.obj (.text:ti_sysbios_knl_Swi_restoreHwi__E)
                  0000e304    0000006c     ti.targets.arm.rtsarm.aem4f : Error.oem4f (.text:xdc_runtime_Error_print__E)
                  0000e370    0000006c                                 : Memory.oem4f (.text:xdc_runtime_Memory_alloc__E)
                  0000e3dc    0000006a     stk.aem4f : tcpprot.oem4f (.text:TcpPrInherit)
                  0000e446    00000002     --HOLE-- [fill = 0]
                  0000e448    00000068     EK_TM4C1294XL.obj (.text:EK_TM4C1294XL_initI2C)
                  0000e4b0    00000068     stk.aem4f : socket.oem4f (.text:NDK_socket)
                  0000e518    00000068               : pbm.oem4f (.text:PBM_open)
                  0000e580    00000068               : sock.oem4f (.text:SockListen)
                  0000e5e8    00000068               : rtable.oem4f (.text:_RtNodeInsert)
                  0000e650    00000068     rtsv7M4_T_le_v4SPD16_eabi.lib : copy_decompress_lzss.c.obj (.text:decompress:lzss:__TI_decompress_lzss)
                  0000e6b8    00000066     ti.targets.arm.rtsarm.aem4f : Core-mem.oem4f (.text:xdc_runtime_Core_deleteObject__I)
                  0000e71e    00000002     --HOLE-- [fill = 0]
                  0000e720    00000064     nettool_ipv4.aem4f : config.oem4f (.text:CfgFree)
                  0000e784    00000064     drivers_tivaware.aem4f : GPIOTiva.oem4f (.text:GPIO_hwiIntFxn)
                  0000e7e8    00000064     stk.aem4f : pbm.oem4f (.text:PBMQ_enq)
                  0000e84c    00000064               : sockint.oem4f (.text:SockSpawnAbort)
                  0000e8b0    00000064     rtsv7M4_T_le_v4SPD16_eabi.lib : s_frexp.c.obj (.text:frexp)
                  0000e914    00000064     hal_timer_bios.aem4f : lltimer.oem4f (.text:llTimerTick)
                  0000e978    00000064     httpget_pem4f.oem4f (.text:ti_sysbios_family_arm_m3_Hwi_create)
                  0000e9dc    00000004     os.aem4f : task.oem4f (.text:TaskSelf)
                  0000e9e0    00000064     sysbios.aem4f : BIOS.obj (.text:ti_sysbios_family_arm_m3_Hwi_dispatchC__I)
                  0000ea44    00000004     os.aem4f : task.oem4f (.text:TaskSetPri)
                  0000ea48    00000064     sysbios.aem4f : BIOS.obj (.text:ti_sysbios_knl_Semaphore_post__E)
                  0000eaac    00000064     stk.aem4f : lliin.oem4f (.text:updateRtTable)
                  0000eb10    00000062     drivers_tivaware.aem4f : I2CTiva.oem4f (.text:I2CTiva_primeTransfer)
                  0000eb72    00000062     stk.aem4f : ipin.oem4f (.text:IPRouteIP)
                  0000ebd4    00000062               : sb.oem4f (.text:SBNew)
                  0000ec36    00000002     --HOLE-- [fill = 0]
                  0000ec38    00000060     nettool_ipv4.aem4f : config.oem4f (.text:CfgGetEntryCnt)
                  0000ec98    00000060     stk.aem4f : file.oem4f (.text:FdWaitEvent)
                  0000ecf8    00000060               : nimu.oem4f (.text:NIMUUnregister)
                  0000ed58    00000060               : node.oem4f (.text:NodeFind)
                  0000edb8    00000060               : rtc.oem4f (.text:RTCMsg)
                  0000ee18    00000060               : tcp.oem4f (.text:TcpChecksum)
                  0000ee78    00000060     nettool_ipv4.aem4f : dhcptags.oem4f (.text:dhcpBuildOptions)
                  0000eed8    00000060     httpget_pem4f.oem4f (.text:ti_ndk_config_Global_serviceReport)
                  0000ef38    0000005e     stk.aem4f : route.oem4f (.text:RtRemove)
                  0000ef96    0000005e     nettool_ipv4.aem4f : dhcpsm.oem4f (.text:StateSelecting)
                  0000eff4    0000005e     stk.aem4f : vlan.oem4f (.text:VLANReceivePacket)
                  0000f052    00000002     --HOLE-- [fill = 0]
                  0000f054    0000005c     nettool_ipv4.aem4f : config.oem4f (.text:CfgSetExecuteOrder)
                  0000f0b0    0000005c     stk.aem4f : nimu.oem4f (.text:NIMUIoctlSpecialCmd)
                  0000f10c    0000005c     netctrl_min_ipv4.aem4f : netsrv.oem4f (.text:SPService)
                  0000f168    0000005c     httpget_pem4f.oem4f (.text:ti_sysbios_knl_Swi_create)
                  0000f1c4    00000004     hal_ser_stub.aem4f : llserstb.oem4f (.text:_llSerialInit)
                  0000f1c8    0000005c     sysbios.aem4f : BIOS.obj (.text:ti_sysbios_knl_Swi_run__I)
                  0000f224    00000004     rtsv7M4_T_le_v4SPD16_eabi.lib : exit.c.obj (.text:abort:abort)
                  0000f228    0000005c     sysbios.aem4f : BIOS.obj (.text:ti_sysbios_knl_Swi_schedule__I)
                  0000f284    0000005c     httpget_pem4f.oem4f (.text:ti_sysbios_knl_Task_create)
                  0000f2e0    0000005c     sysbios.aem4f : BIOS.obj (.text:ti_sysbios_knl_Task_unblockI__E)
                  0000f33c    0000005b     ti.targets.arm.rtsarm.aem4f : Text.oem4f (.text:xdc_runtime_Text_putLab__E)
                  0000f397    00000001     --HOLE-- [fill = 0]
                  0000f398    0000005a     stk.aem4f : route.oem4f (.text:RtRedirect)
                  0000f3f2    0000005a               : tcpprot.oem4f (.text:TcpValidateMetrics)
                  0000f44c    0000005a     nettool_ipv4.aem4f : dhcpbild.oem4f (.text:dhcpBuildDecline)
                  0000f4a6    0000005a     os.aem4f : mem.oem4f (.text:mmCopy)
                  0000f500    0000005a     httpget_pem4f.oem4f (.text:ti_ndk_config_tcp_init)
                  0000f55a    00000002     --HOLE-- [fill = 0]
                  0000f55c    00000058     stk.aem4f : bind.oem4f (.text:BindFree)
                  0000f5b4    00000058     boot.aem4f : boot.oem4f (.text)
                  0000f60c    00000058     driverlib.lib : emac.obj (.text:EMACPHYConfigSet)
                  0000f664    00000058     rtsv7M4_T_le_v4SPD16_eabi.lib : hostwrite.c.obj (.text:HOSTwrite)
                  0000f6bc    00000058     stk.aem4f : igmp.oem4f (.text:IGMPTimer)
                  0000f714    00000058     os.aem4f : semaphore.oem4f (.text:SemCreate)
                  0000f76c    00000058     httpget_pem4f.oem4f (.text:ti_sysbios_family_arm_m3_Hwi_construct)
                  0000f7c4    00000058     sysbios.aem4f : m3_Hwi_asm_switch.obj (.text:ti_sysbios_family_arm_m3_Hwi_initStacks__E)
                  0000f81c    00000056     driverlib.lib : gpio.obj (.text:GPIOIntTypeSet)
                  0000f872    00000056     rtsv7M4_T_le_v4SPD16_eabi.lib : _printfi.c.obj (.text:_pconv_f)
                  0000f8c8    00000054     nettool_ipv4.aem4f : config.oem4f (.text:CfgEntryDeRef)
                  0000f91c    00000054     stk.aem4f : igmp.oem4f (.text:IGMPLeave)
                  0000f970    00000054               : rawethsock_pcb.oem4f (.text:RawEthSockPcbAttach)
                  0000f9c4    00000054               : sockpcb.oem4f (.text:SockCleanPcb)
                  0000fa18    00000054               : tcptime.oem4f (.text:TcpTimeoutPersist)
                  0000fa6c    00000054     rtsv7M4_T_le_v4SPD16_eabi.lib : _ltoa.c.obj (.text:__TI_ltoa)
                  0000fac0    00000054     httpget.obj (.text:getNTPTimeTask)
                  0000fb14    00000004     stk.aem4f : listlib.oem4f (.text:list_get_head)
                  0000fb18    00000054     sysbios.aem4f : BIOS.obj (.text:ti_sysbios_family_arm_lm4_Timer_initDevice__I)
                  0000fb6c    00000004     stk.aem4f : listlib.oem4f (.text:list_get_next)
                  0000fb70    00000054     sysbios.aem4f : BIOS.obj (.text:ti_sysbios_knl_Swi_Instance_init__E)
                  0000fbc4    00000054     ti.targets.arm.rtsarm.aem4f : Assert.oem4f (.text:xdc_runtime_Assert_raise__I)
                  0000fc18    00000052     stk.aem4f : tcpprot.oem4f (.text:TcpPrDetach)
                  0000fc6a    00000052     rtsv7M4_T_le_v4SPD16_eabi.lib : _printfi.c.obj (.text:_ecpy)
                  0000fcbc    00000050     drivers_tivaware.aem4f : GPIOTiva.oem4f (.text:GPIO_setCallback)
                  0000fd0c    00000050                            : GPIOTiva.oem4f (.text:GPIO_write)
                  0000fd5c    00000050     stk.aem4f : socket.oem4f (.text:NDK_bind)
                  0000fdac    00000050               : socket.oem4f (.text:NDK_connect)
                  0000fdfc    00000050               : route.oem4f (.text:RtNew)
                  0000fe4c    00000050     driverlib.lib : sysctl.obj (.text:SysCtlPeripheralReset)
                  0000fe9c    00000050     Boot.aem4f : Boot_sysctl.oem4f (.text:_SysCtlFrequencyGet)
                  0000feec    00000004     httpget_pem4f.oem4f (.text:ti_sysbios_BIOS_RtsGateProxy_enter__E)
                  0000fef0    00000050     sysbios.aem4f : BIOS.obj (.text:ti_sysbios_family_arm_m3_Hwi_Module_startup__E)
                  0000ff40    00000050     ti.targets.arm.rtsarm.aem4f : Startup.oem4f (.text:xdc_runtime_Startup_exec__E)
                  0000ff90    00000050                                 : Text.oem4f (.text:xdc_runtime_Text_visitRope2__I)
                  0000ffe0    0000004e     stk.aem4f : node.oem4f (.text:NodeDeRef)
                  0001002e    0000004e     nettool_ipv4.aem4f : config.oem4f (.text:_CfgEntryScan)
                  0001007c    0000004c                        : ipaddr.oem4f (.text:NtAddNetwork)
                  000100c8    0000004c     stk.aem4f : sockint.oem4f (.text:SockValidateRoute)
                  00010114    0000004c     rtsv7M4_T_le_v4SPD16_eabi.lib : atoi.c.obj (.text:atoi)
                  00010160    0000004c                                   : cpy_tbl.c.obj (.text:copy_in)
                  000101ac    0000004c                                   : snprintf.c.obj (.text:snprintf)
                  000101f8    0000004c     sysbios.aem4f : BIOS.obj (.text:ti_sysbios_heaps_HeapMem_getStats__E)
                  00010244    00000004     httpget_pem4f.oem4f (.text:ti_sysbios_BIOS_RtsGateProxy_leave__E)
                  00010248    0000004c     sysbios.aem4f : BIOS.obj (.text:ti_sysbios_knl_Swi_runLoop__I)
                  00010294    00000004                   : BIOS.obj (.text:ti_sysbios_family_arm_lm4_Timer_masterEnable__I)
                  00010298    0000004c                   : BIOS.obj (.text:ti_sysbios_knl_Task_allBlockedFunction__I)
                  000102e4    0000004a     netctrl_min_ipv4.aem4f : netsrv.oem4f (.text:ServiceKill)
                  0001032e    0000004a     stk.aem4f : sock.oem4f (.text:SockDisconnect)
                  00010378    0000004a               : timer.oem4f (.text:TimerNew)
                  000103c2    00000048     nettool_ipv4.aem4f : config.oem4f (.text:CfgNew)
                  0001040a    00000002     --HOLE-- [fill = 0]
                  0001040c    00000048     driverlib.lib : gpio.obj (.text:GPIOPinConfigure)
                  00010454    00000048                   : i2c.obj (.text:I2CMasterInitExpClk)
                  0001049c    00000048     stk.aem4f : lli.oem4f (.text:LLIMsg)
                  000104e4    00000048               : node.oem4f (.text:NodeWalk)
                  0001052c    00000048               : rawethsock_pcb.oem4f (.text:RawEthSockPcbDetach)
                  00010574    00000048               : sockpcb.oem4f (.text:SockPcbResolveChain)
                  000105bc    00000048               : tcpprot.oem4f (.text:TcpDrop)
                  00010604    00000048               : lli.oem4f (.text:_LLIExpListInsert)
                  0001064c    00000048               : rtable.oem4f (.text:_RtExpListInsert)
                  00010694    00000048               : file.oem4f (.text:fdint_lockfd)
                  000106dc    00000048     rtsv7M4_T_le_v4SPD16_eabi.lib : fd_toi_t2.asm.obj (.text)
                  00010724    00000004     httpget_pem4f.oem4f (.text:ti_sysbios_family_arm_m3_Hwi_delete)
                  00010728    00000048     sysbios.aem4f : BIOS.obj (.text:ti_sysbios_family_arm_lm4_Timer_enableTimers__I)
                  00010770    00000048                   : BIOS.obj (.text:ti_sysbios_family_arm_m3_Hwi_disableInterrupt__E)
                  000107b8    00000048                   : BIOS.obj (.text:ti_sysbios_family_arm_m3_Hwi_enableInterrupt__E)
                  00010800    00000048                   : BIOS.obj (.text:ti_sysbios_family_arm_m3_Hwi_excReserved__I)
                  00010848    00000048                   : BIOS.obj (.text:ti_sysbios_knl_Mailbox_Module_startup__E)
                  00010890    00000048                   : BIOS.obj (.text:ti_sysbios_knl_Task_deleteTerminatedTasksFunc__I)
                  000108d8    00000046     nettool_ipv4.aem4f : ipaddr.oem4f (.text:NtIfIdx2Ip)
                  0001091e    00000046     stk.aem4f : rawethsock.oem4f (.text:RawEthSockSend)
                  00010964    00000046               : tcpprot.oem4f (.text:TcpPrCtlError)
                  000109aa    00000046     os.aem4f : mem.oem4f (.text:mmZeroInit)
                  000109f0    00000046     ti.targets.arm.rtsarm.aem4f : Core-params.oem4f (.text:xdc_runtime_Core_assignParams__I)
                  00010a36    00000002     --HOLE-- [fill = 0]
                  00010a38    00000044     drivers_tivaware.aem4f : EMACSnow.oem4f (.text:EMACSnow_processTransmitted)
                  00010a7c    00000044     stk.aem4f : icmp.oem4f (.text:ICMPChecksum)
                  00010ac0    00000044               : ipfrag.oem4f (.text:IPReasmFree)
                  00010b04    00000044               : lli.oem4f (.text:LLIGetValidTime)
                  00010b48    00000044               : rtable.oem4f (.text:RouteMsg)
                  00010b8c    00000044               : rtable.oem4f (.text:RtWalkEnd)
                  00010bd0    00000044               : sockpcb.oem4f (.text:SockPcbDetach)
                  00010c14    00000044               : timer.oem4f (.text:TimerListInsert)
                  00010c58    00000044     hal_timer_bios.aem4f : lltimer.oem4f (.text:llTimerGetTime)
                  00010c9c    00000004     httpget_pem4f.oem4f (.text:ti_sysbios_family_arm_m3_Hwi_destruct)
                  00010ca0    00000044     sysbios.aem4f : BIOS.obj (.text:ti_sysbios_family_arm_lm4_Timer_isrStub__E)
                  00010ce4    00000004     httpget_pem4f.oem4f (.text:ti_sysbios_family_arm_m3_TaskSupport_Module__startupDone__S)
                  00010ce8    00000044     sysbios.aem4f : BIOS.obj (.text:ti_sysbios_family_arm_m3_Hwi_getStackInfo__E)
                  00010d2c    00000004     httpget_pem4f.oem4f (.text:ti_sysbios_heaps_HeapMem_Module_GateProxy_enter__E)
                  00010d30    00000044     sysbios.aem4f : BIOS.obj (.text:ti_sysbios_knl_Swi_post__E)
                  00010d74    00000044     ti.targets.arm.rtsarm.aem4f : Error.oem4f (.text:xdc_runtime_Error_setX__E)
                  00010db8    00000044                                 : SysMin.oem4f (.text:xdc_runtime_SysMin_flush__E)
                  00010dfc    00000044                                 : Text.oem4f (.text:xdc_runtime_Text_xprintf__I)
                  00010e40    00000042     stk.aem4f : socket.oem4f (.text:NDK_listen)
                  00010e82    00000042               : tcpprot.oem4f (.text:TcpPrSendOOB)
                  00010ec4    00000042               : fileuser.oem4f (.text:fdCloseSession)
                  00010f06    00000002     --HOLE-- [fill = 0]
                  00010f08    00000040               : lliin.oem4f (.text:LLIValidateRoute)
                  00010f48    00000040               : pbm.oem4f (.text:PBM_copy)
                  00010f88    00000040               : sockpcb.oem4f (.text:SockPcbRtChange)
                  00010fc8    00000040               : tcpprot.oem4f (.text:TcpPrSend)
                  00011008    00000040     rtsv7M4_T_le_v4SPD16_eabi.lib : u_divt2.asm.obj (.text)
                  00011048    00000040                                   : sprintf.c.obj (.text:sprintf)
                  00011088    00000040     sysbios.aem4f : BIOS.obj (.text:ti_sysbios_family_arm_lm4_Timer_Module_startup__E)
                  000110c8    00000040                   : BIOS.obj (.text:ti_sysbios_family_arm_lm4_Timer_startup__E)
                  00011108    00000040                   : BIOS.obj (.text:ti_sysbios_heaps_HeapMem_Instance_init__E)
                  00011148    0000003e     nettool_ipv4.aem4f : dhcpmain.oem4f (.text:DHCPClose)
                  00011186    00000002     --HOLE-- [fill = 0]
                  00011188    0000003e     stk.aem4f : nimu.oem4f (.text:NIMUAllocateName)
                  000111c6    0000003e     os.aem4f : task.oem4f (.text:TaskCreate)
                  00011204    0000003e     stk.aem4f : tcpprot.oem4f (.text:TcpPrDisconnect)
                  00011242    0000003e     rtsv7M4_T_le_v4SPD16_eabi.lib : _printfi.c.obj (.text:_fcpy)
                  00011280    0000003e     stk.aem4f : file.oem4f (.text:fdint_unlockfd)
                  000112be    0000003c     nettool_ipv4.aem4f : config.oem4f (.text:CfgEntryGetData)
                  000112fa    0000003c     driverlib.lib : emac.obj (.text:EMACIntDisable)
                  00011336    0000003c     stk.aem4f : node.oem4f (.text:NodeUpdatePL)
                  00011372    00000002     --HOLE-- [fill = 0]
                  00011374    0000003c               : rtable.oem4f (.text:RtWalkBegin)
                  000113b0    0000003c               : tcpprot.oem4f (.text:TcpPrConnect)
                  000113ec    0000003c               : tcptime.oem4f (.text:TcpSetPersist)
                  00011428    0000003c               : rtc.oem4f (.text:_RTCSendRtAdv)
                  00011464    0000003c               : rtable.oem4f (.text:_RtNodeRemove)
                  000114a0    0000003c     hal_timer_bios.aem4f : lltimer.oem4f (.text:_llTimerInit)
                  000114dc    00000004     httpget_pem4f.oem4f (.text:ti_sysbios_heaps_HeapMem_Module_GateProxy_leave__E)
                  000114e0    0000003c     sysbios.aem4f : BIOS.obj (.text:ti_sysbios_family_arm_m3_Hwi_excSvCall__I)
                  0001151c    00000004     httpget_pem4f.oem4f (.text:ti_sysbios_knl_Clock_TimerProxy_getMaxTicks__E)
                  00011520    0000003c     sysbios.aem4f : BIOS.obj (.text:ti_sysbios_heaps_HeapMem_init__I)
                  0001155c    00000004     httpget_pem4f.oem4f (.text:ti_sysbios_knl_Queue_destruct)
                  00011560    0000003c     sysbios.aem4f : BIOS.obj (.text:ti_sysbios_knl_Clock_Instance_init__E)
                  0001159c    00000004     httpget_pem4f.oem4f (.text:ti_sysbios_knl_Semaphore_delete)
                  000115a0    0000003c     sysbios.aem4f : BIOS.obj (.text:ti_sysbios_knl_Swi_restore__E)
                  000115dc    0000003a     driverlib.lib : emac.obj (.text:EMACIntEnable)
                  00011616    0000003a     drivers_tivaware.aem4f : I2CTiva.oem4f (.text:I2CTiva_completeTransfer)
                  00011650    00000038     driverlib.lib : emac.obj (.text:EMACConfigGet)
                  00011688    00000038     drivers_tivaware.aem4f : I2C.oem4f (.text:I2C_init)
                  000116c0    00000038     stk.aem4f : ipfrag.oem4f (.text:IPReasmTimeout)
                  000116f8    00000038               : node.oem4f (.text:NodeGetRt)
                  00011730    00000038     driverlib.lib : sysctl.obj (.text:SysCtlPeripheralReady)
                  00011768    00000038     stk.aem4f : tcpprot.oem4f (.text:TcpClose)
                  000117a0    00000038               : timer.oem4f (.text:TimerHSTick)
                  000117d8    00000038     rtsv7M4_T_le_v4SPD16_eabi.lib : trgmsg.c.obj (.text:__TI_writemsg)
                  00011810    00000038     nettool_ipv4.aem4f : dhcpbild.oem4f (.text:dhcpBuildDiscover)
                  00011848    00000038                        : dhcptags.oem4f (.text:dhcpOptionsClear)
                  00011880    00000038     stk.aem4f : file.oem4f (.text:fdint_waitevent)
                  000118b8    00000038     rtsv7M4_T_le_v4SPD16_eabi.lib : fs_tod_t2.asm.obj (.text)
                  000118f0    00000038     sysbios.aem4f : BIOS.obj (.text:ti_sysbios_family_arm_m3_Hwi_excNoIsr__I)
                  00011928    00000038     httpget_pem4f.oem4f (.text:ti_sysbios_knl_Clock_create)
                  00011960    00000038     ti.targets.arm.rtsarm.aem4f : SysMin.oem4f (.text:xdc_runtime_SysMin_putch__E)
                  00011998    00000038                                 : System.oem4f (.text:xdc_runtime_System_atexit__E)
                  000119d0    00000036     drivers_tivaware.aem4f : I2CTiva.oem4f (.text:I2CTiva_close)
                  00011a06    00000036     stk.aem4f : ip.oem4f (.text:IPChecksum)
                  00011a3c    00000035     httpget.obj (.text:printError)
                  00011a71    00000003     --HOLE-- [fill = 0]
                  00011a74    00000034     nettool_ipv4.aem4f : config.oem4f (.text:CfgSetService)
                  00011aa8    00000034     driverlib.lib : emac.obj (.text:EMACConfigSet)
                  00011adc    00000034                   : emac.obj (.text:EMACIntClear)
                  00011b10    00000034     drivers_tivaware.aem4f : EMACSnow.oem4f (.text:EMACSnow_emacPoll)
                  00011b44    00000034                            : EMACSnow.oem4f (.text:EMACSnow_isLinkUp)
                  00011b78    00000034                            : EMAC.oem4f (.text:EMAC_init)
                  00011bac    00000034     stk.aem4f : exec.oem4f (.text:ExecClose)
                  00011be0    00000034               : nimu.oem4f (.text:NIMUFindByName)
                  00011c14    00000034               : nimu.oem4f (.text:NIMUInit)
                  00011c48    00000034               : rawethsock.oem4f (.text:RawEthSockNotify)
                  00011c7c    00000034               : sockprot.oem4f (.text:SockPrCtlError)
                  00011cb0    00000034     driverlib.lib : sysctl.obj (.text:SysCtlPeripheralEnable)
                  00011ce4    00000034     rtsv7M4_T_le_v4SPD16_eabi.lib : trgmsg.c.obj (.text:__TI_readmsg)
                  00011d18    00000034     os.aem4f : mem.oem4f (.text:mmUnInitPage)
                  00011d4c    00000004     httpget_pem4f.oem4f (.text:ti_sysbios_knl_Semaphore_destruct)
                  00011d50    00000034     sysbios.aem4f : BIOS.obj (.text:ti_sysbios_family_arm_m3_Hwi_Instance_finalize__E)
                  00011d84    00000004     httpget_pem4f.oem4f (.text:ti_sysbios_knl_Swi_delete)
                  00011d88    00000034     sysbios.aem4f : BIOS.obj (.text:ti_sysbios_family_arm_m3_Hwi_excNmi__I)
                  00011dbc    00000004     httpget_pem4f.oem4f (.text:ti_sysbios_knl_Task_delete)
                  00011dc0    00000034     sysbios.aem4f : BIOS.obj (.text:ti_sysbios_hal_Hwi_checkStack)
                  00011df4    00000034     httpget_pem4f.oem4f (.text:ti_sysbios_knl_Semaphore_create)
                  00011e28    00000034     ti.targets.arm.rtsarm.aem4f : Core-label.oem4f (.text:xdc_runtime_Core_assignLabel__I)
                  00011e5c    00000033                                 : Text.oem4f (.text:xdc_runtime_Text_printVisFxn__I)
                  00011e8f    00000001     --HOLE-- [fill = 0]
                  00011e90    00000032     nettool_ipv4.aem4f : config.oem4f (.text:CfgGetImmediate)
                  00011ec2    00000032     stk.aem4f : route.oem4f (.text:RtDeRef)
                  00011ef4    00000032               : route.oem4f (.text:RtSetFailure)
                  00011f26    00000032               : sb.oem4f (.text:SBFlush)
                  00011f58    00000032               : sb.oem4f (.text:SBSetMax)
                  00011f8a    00000032               : sock.oem4f (.text:SockIntAbort)
                  00011fbc    00000032     nettool_ipv4.aem4f : config.oem4f (.text:_CfgAcquire)
                  00011fee    00000032                        : dhcpsm.oem4f (.text:dhcpIPRemove)
                  00012020    00000032     sysbios.aem4f : BIOS.obj (.text:ti_sysbios_hal_Hwi_initStack)
                  00012052    00000006     driverlib.lib : emac.obj (.text:EMACTxDMADescriptorListSet)
                  00012058    00000032     sysbios.aem4f : BIOS.obj (.text:ti_sysbios_knl_Semaphore_pendTimeout__I)
                  0001208a    00000030     driverlib.lib : emac.obj (.text:EMACAddrSet)
                  000120ba    00000002     --HOLE-- [fill = 0]
                  000120bc    00000030     drivers_tivaware.aem4f : EMACSnow.oem4f (.text:EMACSnow_handlePackets)
                  000120ec    00000030                            : I2C.oem4f (.text:I2C_open)
                  0001211c    00000030     netctrl_min_ipv4.aem4f : netsrv.oem4f (.text:NS_PreBoot)
                  0001214c    00000030     stk.aem4f : sock.oem4f (.text:SockBind)
                  0001217c    00000030               : sock.oem4f (.text:SockGetName)
                  000121ac    00000030     rtsv7M4_T_le_v4SPD16_eabi.lib : snprintf.c.obj (.text:_outs)
                  000121dc    00000030     nettool_ipv4.aem4f : dhcpsock.oem4f (.text:dhcpPacketSend)
                  0001220c    00000030     stk.aem4f : listlib.oem4f (.text:list_remove_node)
                  0001223c    00000030     httpget_pem4f.oem4f (.text:ti_sysbios_BIOS_atExitFunc__I)
                  0001226c    00000004     ti.targets.arm.rtsarm.aem4f : Error.oem4f (.text:xdc_runtime_Error_getMsg__E)
                  00012270    00000030     sysbios.aem4f : BIOS.obj (.text:ti_sysbios_family_arm_lm4_Timer_stop__E)
                  000122a0    00000030                   : BIOS.obj (.text:ti_sysbios_family_arm_m3_TaskSupport_start__E)
                  000122d0    00000030     httpget_pem4f.oem4f (.text:ti_sysbios_gates_GateHwi_Object__create__S)
                  00012300    00000030     httpget_pem4f.oem4f (.text:ti_sysbios_gates_GateMutex_Object__create__S)
                  00012330    00000030     sysbios.aem4f : BIOS.obj (.text:ti_sysbios_gates_GateMutex_enter__E)
                  00012360    00000030     httpget_pem4f.oem4f (.text:ti_sysbios_heaps_HeapMem_Object__create__S)
                  00012390    00000030     sysbios.aem4f : BIOS.obj (.text:ti_sysbios_knl_Mailbox_postInit__I)
                  000123c0    00000030     httpget_pem4f.oem4f (.text:ti_sysbios_knl_Semaphore_construct)
                  000123f0    00000030     sysbios.aem4f : BIOS.obj (.text:ti_sysbios_knl_Task_processVitalTaskFlag__I)
                  00012420    00000030     ti.targets.arm.rtsarm.aem4f : SysMin.oem4f (.text:xdc_runtime_SysMin_abort__E)
                  00012450    00000030                                 : System.oem4f (.text:xdc_runtime_System_processAtExit__E)
                  00012480    0000002e     stk.aem4f : sb.oem4f (.text:SBFree)
                  000124ae    0000002e     rtsv7M4_T_le_v4SPD16_eabi.lib : i_tofd_t2.asm.obj (.text)
                  000124dc    0000002c     driverlib.lib : emac.obj (.text:EMACIntStatus)
                  00012508    0000002c     stk.aem4f : file.oem4f (.text:FdSignalEvent)
                  00012534    0000002c               : igmp.oem4f (.text:IGMPTestGroup)
                  00012560    0000002c     os.aem4f : task.oem4f (.text:NDK_hookCreate)
                  0001258c    0000002c     stk.aem4f : nimu.oem4f (.text:NIMUAllocateIndex)
                  000125b8    0000002c               : nimu.oem4f (.text:NIMUPacketServiceCheck)
                  000125e4    0000002c               : pipe.oem4f (.text:PipeClose)
                  00012610    0000002c               : sockpcb.oem4f (.text:SockPcbAttach)
                  0001263c    0000002c               : lli.oem4f (.text:_LLIExpListRemove)
                  00012668    0000002c               : lli.oem4f (.text:_LLITimeoutFlush)
                  00012694    0000002c               : rtable.oem4f (.text:_RtExpListRemove)
                  000126c0    0000002c     httpget_pem4f.oem4f (.text:ti_sysbios_knl_Clock_doTick__I)
                  000126ec    0000002c     httpget_pem4f.oem4f (.text:ti_sysbios_knl_Queue_construct)
                  00012718    0000002c     sysbios.aem4f : BIOS.obj (.text:ti_sysbios_knl_Task_restore__E)
                  00012744    0000002c     ti.targets.arm.rtsarm.aem4f : Text.oem4f (.text:xdc_runtime_Text_cordText__E)
                  00012770    0000002a     driverlib.lib : gpio.obj (.text:GPIODirModeSet)
                  0001279a    0000002a     stk.aem4f : pbm.oem4f (.text:PBMQ_deq)
                  000127c4    0000002a     netctrl_min_ipv4.aem4f : netsrv.oem4f (.text:ServiceCallback)
                  000127ee    0000002a     nettool_ipv4.aem4f : config.oem4f (.text:_CfgRelease)
                  00012818    0000002a     ti.targets.arm.rtsarm.aem4f : System.oem4f (.text:xdc_runtime_System_putchar__I)
                  00012842    00000002     --HOLE-- [fill = 0]
                  00012844    00000028     stk.aem4f : bind.oem4f (.text:BindFindByNet)
                  0001286c    00000028               : lli.oem4f (.text:LLIFree)
                  00012894    00000028     netctrl_min_ipv4.aem4f : netctrl.oem4f (.text:NC_SystemClose)
                  000128bc    00000028     stk.aem4f : nimu.oem4f (.text:NIMUCreatePacket)
                  000128e4    00000028               : nimu.oem4f (.text:NIMUPacketService)
                  0001290c    00000028               : tcpin.oem4f (.text:TcpEnterTimeWait)
                  00012934    00000028               : timer.oem4f (.text:TimerListRemove)
                  0001295c    00000028               : vlan.oem4f (.text:VLANFindSourceInterface)
                  00012984    00000028               : vlan.oem4f (.text:VLANInit)
                  000129ac    00000028     nettool_ipv4.aem4f : dhcpsock.oem4f (.text:dhcpPacketReceive)
                  000129d4    00000028     drivers_tivaware.aem4f : EMACSnow.oem4f (.text:signalLinkChange)
                  000129fc    00000004     ti.targets.arm.rtsarm.aem4f : Error.oem4f (.text:xdc_runtime_Error_getSite__E)
                  00012a00    00000028     sysbios.aem4f : BIOS.obj (.text:ti_sysbios_knl_Clock_addI__E)
                  00012a28    00000028                   : BIOS.obj (.text:ti_sysbios_knl_Swi_Module_startup__E)
                  00012a50    00000026     nettool_ipv4.aem4f : config.oem4f (.text:CfgEntryInfo)
                  00012a76    00000026     driverlib.lib : emac.obj (.text:EMACPHYRead)
                  00012a9c    00000026                   : emac.obj (.text:EMACPHYWrite)
                  00012ac2    00000026     stk.aem4f : rawethsock.oem4f (.text:RawEthSockClose)
                  00012ae8    00000026     sysbios.aem4f : m3_Hwi_asm.obj (.text:ti_sysbios_family_arm_m3_Hwi_pendSV__I)
                  00012b0e    00000026     ti.targets.arm.rtsarm.aem4f : System.oem4f (.text:xdc_runtime_System_avprintf__E)
                  00012b34    00000024     stk.aem4f : bind.oem4f (.text:BindFindByHost)
                  00012b58    00000024               : bind.oem4f (.text:BindGetIFByDBCast)
                  00012b7c    00000024     drivers_tivaware.aem4f : EMACSnow.oem4f (.text:EMACSnow_pkt_service)
                  00012ba0    00000024                            : EMACSnow.oem4f (.text:EMACSnow_primeRx)
                  00012bc4    00000024     stk.aem4f : exec.oem4f (.text:ExecTimer)
                  00012be8    00000024               : nimu.oem4f (.text:NIMUFindByIndex)
                  00012c0c    00000024               : rtc.oem4f (.text:RTCAddHook)
                  00012c30    00000024               : rawethsock_pcb.oem4f (.text:RawEthSockPcbFind)
                  00012c54    00000024               : route.oem4f (.text:RtFree)
                  00012c78    00000024               : route.oem4f (.text:RtSetTimeout)
                  00012c9c    00000024               : sockpcb.oem4f (.text:SockPcbCleanup)
                  00012cc0    00000024               : tcpprot.oem4f (.text:TcpPrListen)
                  00012ce4    00000024               : tcptime.oem4f (.text:TcpTimeoutWait2)
                  00012d08    00000024     nettool_ipv4.aem4f : config.oem4f (.text:_CfgEntryProcess)
                  00012d2c    00000024     httpget.obj (.text:getTimeStr)
                  00012d50    00000024     httpget_pem4f.oem4f (.text:ti_sysbios_BIOS_errorRaiseHook__I)
                  00012d74    00000024     httpget_pem4f.oem4f (.text:ti_sysbios_BIOS_registerRTSLock__I)
                  00012d98    00000024     httpget_pem4f.oem4f (.text:ti_sysbios_BIOS_removeRTSLock__I)
                  00012dbc    00000024     httpget_pem4f.oem4f (.text:ti_sysbios_BIOS_startFunc__I)
                  00012de0    00000024     httpget_pem4f.oem4f (.text:ti_sysbios_gates_GateMutex_Object__delete__S)
                  00012e04    00000004     httpget_pem4f.oem4f (.text:xdc_runtime_System_Module_GateProxy_enter__E)
                  00012e08    00000024     sysbios.aem4f : BIOS.obj (.text:ti_sysbios_knl_Clock_Module_startup__E)
                  00012e2c    00000004     httpget_pem4f.oem4f (.text:xdc_runtime_System_Module_GateProxy_leave__E)
                  00012e30    00000024     sysbios.aem4f : BIOS.obj (.text:ti_sysbios_knl_Clock_start__E)
                  00012e54    00000004     ti.targets.arm.rtsarm.aem4f : System.oem4f (.text:xdc_runtime_System_aprintf_va__F)
                  00012e58    00000024     sysbios.aem4f : BIOS.obj (.text:ti_sysbios_knl_Semaphore_Instance_init__E)
                  00012e7c    00000024     httpget_pem4f.oem4f (.text:ti_sysbios_knl_Semaphore_Object__delete__S)
                  00012ea0    00000024     sysbios.aem4f : BIOS.obj (.text:ti_sysbios_knl_Task_restoreHwi__E)
                  00012ec4    00000024     ti.targets.arm.rtsarm.aem4f : System.oem4f (.text:xdc_runtime_System_vprintf__E)
                  00012ee8    00000022     nettool_ipv4.aem4f : config.oem4f (.text:CfgEntryRef)
                  00012f0a    00000022     stk.aem4f : vlan.oem4f (.text:VLANFindNode)
                  00012f2c    00000004     ti.targets.arm.rtsarm.aem4f : System.oem4f (.text:xdc_runtime_System_printf_va__F)
                  00012f30    00000022     sysbios.aem4f : BIOS.obj (.text:ti_sysbios_family_arm_lm4_Timer_write__I)
                  00012f52    00000022     httpget_pem4f.oem4f (.text:xdc_runtime_SysMin_output__I)
                  00012f74    00000020     netctrl_min_ipv4.aem4f : netctrl.oem4f (.text:NC_BootComplete)
                  00012f94    00000020     stk.aem4f : nimu.oem4f (.text:NIMUGetNumOfObject)
                  00012fb4    00000020               : rtc.oem4f (.text:RTCRemoveHook)
                  00012fd4    00000020               : tcp.oem4f (.text:TcpTimeoutRemove)
                  00012ff4    00000020     httpget.obj (.text:Timer_ISR)
                  00013014    00000020     Boot.aem4f : Boot_sysctl.oem4f (.text:_SysCtlMemTimingGet)
                  00013034    00000020     httpget_pem4f.oem4f (.text:ti_sysbios_BIOS_rtsLock__I)
                  00013054    00000004     --HOLE-- [fill = 0]
                  00013058    00000020     sysbios.aem4f : BIOS.obj (.text:ti_sysbios_family_arm_lm4_Timer_postInit__I)
                  00013078    00000020     httpget_pem4f.oem4f (.text:ti_sysbios_family_arm_m3_Hwi_Object__delete__S)
                  00013098    00000020     sysbios.aem4f : m3_Hwi_asm.obj (.text:ti_sysbios_family_arm_m3_Hwi_excHandlerAsm__I)
                  000130b8    00000020                   : BIOS.obj (.text:ti_sysbios_family_arm_m3_Hwi_excHandler__I)
                  000130d8    00000020     httpget_pem4f.oem4f (.text:ti_sysbios_gates_GateHwi_Object__delete__S)
                  000130f8    00000020     httpget_pem4f.oem4f (.text:ti_sysbios_heaps_HeapMem_Object__delete__S)
                  00013118    00000020     sysbios.aem4f : BIOS.obj (.text:ti_sysbios_knl_Idle_run__E)
                  00013138    00000020     httpget_pem4f.oem4f (.text:ti_sysbios_knl_Semaphore_Object__destruct__S)
                  00013158    00000020     httpget_pem4f.oem4f (.text:ti_sysbios_knl_Swi_Object__delete__S)
                  00013178    00000020     httpget_pem4f.oem4f (.text:ti_sysbios_knl_Task_Object__delete__S)
                  00013198    00000020     ti.targets.arm.rtsarm.aem4f : Registry.oem4f (.text:xdc_runtime_Registry_findById__E)
                  000131b8    00000020                                 : SysMin.oem4f (.text:xdc_runtime_SysMin_Module_startup__E)
                  000131d8    0000001e     stk.aem4f : listlib.oem4f (.text:list_remove)
                  000131f6    0000001e     httpget.obj (.text:recv)
                  00013214    0000001e     httpget.obj (.text:send)
                  00013232    0000001e     sysbios.aem4f : m3_Hwi_asm_switch.obj (.text:ti_sysbios_family_xxx_Hwi_switchAndRunFunc)
                  00013250    0000001c     stk.aem4f : bind.oem4f (.text:BindFindByIF)
                  0001326c    0000001c               : exec.oem4f (.text:ExecBroadcast)
                  00013288    0000001c     os.aem4f : ossys.oem4f (.text:NDK_sprintf)
                  000132a4    0000001c     stk.aem4f : nimu.oem4f (.text:NIMUAddHeader)
                  000132c0    0000001c               : sockprot.oem4f (.text:SockPrDetach)
                  000132dc    0000001c     os.aem4f : task.oem4f (.text:TaskDestroy)
                  000132f8    0000001c     drivers_tivaware.aem4f : GPIOTiva.oem4f (.text:getGpioIntIndex)
                  00013314    0000001c     rtsv7M4_T_le_v4SPD16_eabi.lib : memccpy.c.obj (.text:memccpy)
                  00013330    0000001c     httpget_pem4f.oem4f (.text:ti_ndk_config_global_taskCreateHook)
                  0001334c    0000001c     httpget_pem4f.oem4f (.text:ti_sysbios_family_arm_m3_Hwi_Object__destruct__S)
                  00013368    0000001c     sysbios.aem4f : BIOS.obj (.text:ti_sysbios_gates_GateMutex_Instance_init__E)
                  00013384    0000001c     httpget_pem4f.oem4f (.text:ti_sysbios_knl_Queue_Object__destruct__S)
                  000133a0    0000001c     sysbios.aem4f : BIOS.obj (.text:ti_sysbios_knl_Queue_get__E)
                  000133bc    00000004     --HOLE-- [fill = 0]
                  000133c0    0000001c                   : BIOS.obj (.text:ti_sysbios_knl_Queue_put__E)
                  000133dc    00000004     --HOLE-- [fill = 0]
                  000133e0    0000001c                   : BIOS.obj (.text:ti_sysbios_knl_Task_enter__I)
                  000133fc    0000001c     ti.targets.arm.rtsarm.aem4f : Error.oem4f (.text:xdc_runtime_Error_raiseX__E)
                  00013418    0000001c                                 : Memory.oem4f (.text:xdc_runtime_Memory_valloc__E)
                  00013434    0000001c                                 : SysMin.oem4f (.text:xdc_runtime_SysMin_exit__E)
                  00013450    0000001c                                 : System.oem4f (.text:xdc_runtime_System_abort__E)
                  0001346c    0000001a     stk.aem4f : bind.oem4f (.text:BindGetIP)
                  00013486    0000001a               : sockint.oem4f (.text:SockSetOOBMark)
                  000134a0    0000001a     rtsv7M4_T_le_v4SPD16_eabi.lib : s_copysign.c.obj (.text:copysign)
                  000134ba    0000001a     stk.aem4f : file.oem4f (.text:fdint_getfdt)
                  000134d4    0000001a     httpget_pem4f.oem4f (.text:ti_sysbios_family_arm_m3_Hwi_Handle__label__S)
                  000134ee    0000001a     httpget_pem4f.oem4f (.text:ti_sysbios_gates_GateHwi_Handle__label__S)
                  00013508    0000001a     httpget_pem4f.oem4f (.text:ti_sysbios_gates_GateMutex_Handle__label__S)
                  00013522    0000001a     httpget_pem4f.oem4f (.text:ti_sysbios_heaps_HeapMem_Handle__label__S)
                  0001353c    0000001a     httpget_pem4f.oem4f (.text:ti_sysbios_knl_Swi_Handle__label__S)
                  00013556    0000001a     httpget_pem4f.oem4f (.text:ti_sysbios_knl_Task_Handle__label__S)
                  00013570    0000001a     sysbios.aem4f : BIOS.obj (.text:ti_sysbios_knl_Task_sleepTimeout__I)
                  0001358a    0000001a     httpget_pem4f.oem4f (.text:xdc_runtime_System_aprintf__E)
                  000135a4    0000001a     httpget_pem4f.oem4f (.text:xdc_runtime_System_printf__E)
                  000135be    00000002     --HOLE-- [fill = 0]
                  000135c0    00000018     drivers_tivaware.aem4f : EMACSnow.oem4f (.text:EMACSnow_emacSend)
                  000135d8    00000018     stk.aem4f : ip.oem4f (.text:IPRtChange)
                  000135f0    00000018               : rawethsock_pcb.oem4f (.text:RawEthSockPcbCleanup)
                  00013608    00000018     nettool_ipv4.aem4f : ipaddr.oem4f (.text:RouteHook)
                  00013620    00000018     stk.aem4f : tcpin.oem4f (.text:SEQ_GEQ)
                  00013638    00000018               : tcpout.oem4f (.text:SEQ_GEQ)
                  00013650    00000018               : tcpin.oem4f (.text:SEQ_GT)
                  00013668    00000018               : tcpout.oem4f (.text:SEQ_GT)
                  00013680    00000018               : tcpin.oem4f (.text:SEQ_LEQ)
                  00013698    00000018               : tcpout.oem4f (.text:SEQ_LEQ)
                  000136b0    00000018               : tcpin.oem4f (.text:SEQ_LT)
                  000136c8    00000018               : tcpout.oem4f (.text:SEQ_LT)
                  000136e0    00000018               : tcp.oem4f (.text:TcpTimeoutAdd)
                  000136f8    00000018     rtsv7M4_T_le_v4SPD16_eabi.lib : args_main.c.obj (.text:_args_main)
                  00013710    00000018                                   : snprintf.c.obj (.text:_outc)
                  00013728    00000018                                   : sprintf.c.obj (.text:_outs)
                  00013740    00000018     nettool_ipv4.aem4f : dhcpsock.oem4f (.text:dhcpSocketClose)
                  00013758    00000018     stk.aem4f : listlib.oem4f (.text:list_add)
                  00013770    00000018     rtsv7M4_T_le_v4SPD16_eabi.lib : strcmp.c.obj (.text:strcmp)
                  00013788    00000018     httpget_pem4f.oem4f (.text:ti_sysbios_BIOS_rtsUnlock__I)
                  000137a0    00000018     httpget_pem4f.oem4f (.text:ti_sysbios_family_arm_lm4_Timer_Module__startupDone__F)
                  000137b8    00000018     httpget_pem4f.oem4f (.text:ti_sysbios_family_arm_m3_Hwi_Module__startupDone__F)
                  000137d0    00000018     sysbios.aem4f : m3_TaskSupport_asm.obj (.text:ti_sysbios_family_arm_m3_TaskSupport_swap__E)
                  000137e8    00000018                   : BIOS.obj (.text:ti_sysbios_gates_GateMutex_leave__E)
                  00013800    00000018                   : BIOS.obj (.text:ti_sysbios_knl_Task_unblock__E)
                  00013818    00000018     ti.targets.arm.rtsarm.aem4f : Error.oem4f (.text:xdc_runtime_Error_check__E)
                  00013830    00000018                                 : System.oem4f (.text:xdc_runtime_System_exit__E)
                  00013848    00000018                                 : Text.oem4f (.text:xdc_runtime_Text_ropeText__E)
                  00013860    00000016     driverlib.lib : emac.obj (.text:EMACReset)
                  00013876    00000016                   : emac.obj (.text:EMACRxEnable)
                  0001388c    00000016                   : emac.obj (.text:EMACTxEnable)
                  000138a2    00000016                   : i2c.obj (.text:I2CMasterErr)
                  000138b8    00000016     stk.aem4f : file.oem4f (.text:fdint_freefdt)
                  000138ce    00000016     rtsv7M4_T_le_v4SPD16_eabi.lib : strchr.c.obj (.text:strchr)
                  000138e4    00000016     httpget_pem4f.oem4f (.text:ti_sysbios_BIOS_exitFunc__I)
                  000138fa    00000016     httpget.obj (.text:ti_sysbios_knl_Task_Params_init)
                  00013910    00000016     ti.targets.arm.rtsarm.aem4f : System.oem4f (.text:xdc_runtime_System_vsprintf__E)
                  00013926    00000014     stk.aem4f : bind.oem4f (.text:BindIPHost2IF)
                  0001393a    00000002     --HOLE-- [fill = 0]
                  0001393c    00000014     driverlib.lib : flash.obj (.text:FlashUserGet)
                  00013950    00000014     netctrl_min_ipv4.aem4f : netctrl.oem4f (.text:NC_NetStop)
                  00013964    00000014     os.aem4f : task.oem4f (.text:NDK_hookExit)
                  00013978    00000014     stk.aem4f : nimu.oem4f (.text:NIMUSendPacket)
                  0001398c    00000014     nettool_ipv4.aem4f : ipaddr.oem4f (.text:NtRemoveNetwork)
                  000139a0    00000014     stk.aem4f : rawethsock_pcb.oem4f (.text:RawEthSockPcbInit)
                  000139b4    00000014               : timer.oem4f (.text:TimerFree)
                  000139c8    00000014     httpget.obj (.text:accept)
                  000139dc    00000014     httpget.obj (.text:bind)
                  000139f0    00000014     httpget.obj (.text:connect)
                  00013a04    00000014     httpget.obj (.text:socket)
                  00013a18    00000014     rtsv7M4_T_le_v4SPD16_eabi.lib : strcpy.c.obj (.text:strcpy)
                  00013a2c    00000014                                   : strlen.c.obj (.text:strlen)
                  00013a40    00000014     httpget_pem4f.oem4f (.text:ti_ndk_config_global_taskExitHook)
                  00013a54    00000014     httpget_pem4f.oem4f (.text:ti_sysbios_family_arm_m3_Hwi_Object__get__S)
                  00013a68    00000014     sysbios.aem4f : BIOS.obj (.text:ti_sysbios_family_arm_m3_Hwi_switchFromBootStack__E)
                  00013a7c    00000014     httpget_pem4f.oem4f (.text:ti_sysbios_heaps_HeapMem_Object__get__S)
                  00013a90    00000014     httpget_pem4f.oem4f (.text:ti_sysbios_knl_Mailbox_Object__get__S)
                  00013aa4    00000014     httpget_pem4f.oem4f (.text:ti_sysbios_knl_Swi_Object__get__S)
                  00013ab8    00000014     httpget_pem4f.oem4f (.text:ti_sysbios_knl_Task_Object__first__S)
                  00013acc    00000014     httpget_pem4f.oem4f (.text:ti_sysbios_knl_Task_Object__next__S)
                  00013ae0    00000012     driverlib.lib : gpio.obj (.text:GPIOPinTypeEthernetLED)
                  00013af2    00000012                   : gpio.obj (.text:GPIOPinTypeI2C)
                  00013b04    00000012                   : gpio.obj (.text:GPIOPinTypeI2CSCL)
                  00013b16    00000012     stk.aem4f : sockprot.oem4f (.text:SockPrAttach)
                  00013b28    00000012               : sockint.oem4f (.text:SockSetOOBData)
                  00013b3a    00000006     driverlib.lib : gpio.obj (.text:GPIOIntClear)
                  00013b40    00000012     sysbios.aem4f : BIOS.obj (.text:ti_sysbios_hal_Hwi_Module_startup__E)
                  00013b52    00000006     driverlib.lib : gpio.obj (.text:GPIOPinWrite)
                  00013b58    00000012     sysbios.aem4f : BIOS.obj (.text:ti_sysbios_hal_Timer_Module_startup__E)
                  00013b6a    00000006     driverlib.lib : i2c.obj (.text:I2CMasterIntDisable)
                  00013b70    00000012     sysbios.aem4f : BIOS.obj (.text:ti_sysbios_knl_Semaphore_reset__E)
                  00013b82    00000012     rtsv7M4_T_le_v4SPD16_eabi.lib : wcslen.c.obj (.text:wcslen)
                  00013b94    00000012     httpget_pem4f.oem4f (.text:xdc_runtime_Startup_exec__I)
                  00013ba6    00000002     --HOLE-- [fill = 0]
                  00013ba8    00000010     httpget_pem4f.oem4f (.text:.bootCodeSection:ti_catalog_arm_cortexm4_tiva_ce_Boot_init__I)
                  00013bb8    00000010     stk.aem4f : bind.oem4f (.text:BindIF2IPHost)
                  00013bc8    00000010               : bind.oem4f (.text:BindIFNet2IPHost)
                  00013bd8    00000010     driverlib.lib : emac.obj (.text:EMACFrameFilterSet)
                  00013be8    00000010     stk.aem4f : exec.oem4f (.text:ExecHRef)
                  00013bf8    00000010     drivers_tivaware.aem4f : I2C.oem4f (.text:I2C_Params_init)
                  00013c08    00000010     netctrl_min_ipv4.aem4f : netctrl.oem4f (.text:NC_IPUpdate)
                  00013c18    00000010     stk.aem4f : nimu.oem4f (.text:NIMUGetRsvdSizeInfo)
                  00013c28    00000010     httpget.obj (.text:listen)
                  00013c38    00000010     sysbios.aem4f : BIOS.obj (.text:ti_sysbios_BIOS_exit__E)
                  00013c48    00000010                   : BIOS.obj (.text:ti_sysbios_BIOS_getCpuFreq__E)
                  00013c58    00000010                   : BIOS.obj (.text:ti_sysbios_BIOS_setThreadType__E)
                  00013c68    00000010                   : BIOS.obj (.text:ti_sysbios_BIOS_start__E)
                  00013c78    00000010                   : m3_TaskSupport_asm.obj (.text:ti_sysbios_family_arm_m3_TaskSupport_glue)
                  00013c88    00000010                   : BIOS.obj (.text:ti_sysbios_gates_GateMutex_Instance_finalize__E)
                  00013c98    00000010                   : BIOS.obj (.text:ti_sysbios_knl_Semaphore_Instance_finalize__E)
                  00013ca8    00000010                   : BIOS.obj (.text:ti_sysbios_knl_Swi_disable__E)
                  00013cb8    00000010     httpget_pem4f.oem4f (.text:ti_sysbios_knl_Task_Object__get__S)
                  00013cc8    00000010     sysbios.aem4f : BIOS.obj (.text:ti_sysbios_knl_Task_disable__E)
                  00013cd8    00000010     ti.targets.arm.rtsarm.aem4f : Gate.oem4f (.text:xdc_runtime_Gate_leaveSystem__E)
                  00013ce8    00000010                                 : Memory.oem4f (.text:xdc_runtime_Memory_free__E)
                  00013cf8    00000010                                 : SysMin.oem4f (.text:xdc_runtime_SysMin_ready__E)
                  00013d08    00000010                                 : System.oem4f (.text:xdc_runtime_System_vsnprintf__E)
                  00013d18    00000010     httpget_pem4f.oem4f (.text:xdc_runtime_Text_visitRope__I)
                  00013d28    0000000e     drivers_tivaware.aem4f : EMACSnow.oem4f (.text:EMACSnow_emacioctl)
                  00013d36    0000000e     stk.aem4f : exec.oem4f (.text:ExecLowResource)
                  00013d44    0000000e     driverlib.lib : gpio.obj (.text:GPIOIntStatus)
                  00013d52    0000000e     rtsv7M4_T_le_v4SPD16_eabi.lib : copy_decompress_none.c.obj (.text:decompress:none:__TI_decompress_none)
                  00013d60    0000000e     httpget.obj (.text:netIPAddrHook)
                  00013d6e    00000002     --HOLE-- [fill = 0]
                  00013d70    0000000e     sysbios.aem4f : BIOS.obj (.text:ti_sysbios_knl_Clock_removeI__E)
                  00013d7e    00000002     --HOLE-- [fill = 0]
                  00013d80    0000000e                   : BIOS.obj (.text:ti_sysbios_knl_Idle_loop__E)
                  00013d8e    00000002     --HOLE-- [fill = 0]
                  00013d90    0000000e                   : BIOS.obj (.text:ti_sysbios_knl_Queue_empty__E)
                  00013d9e    00000002     --HOLE-- [fill = 0]
                  00013da0    0000000c     stk.aem4f : bind.oem4f (.text:BindGetFirst)
                  00013dac    0000000c     nettool_ipv4.aem4f : config.oem4f (.text:CfgSetDefault)
                  00013db8    0000000c     drivers_tivaware.aem4f : EMACSnow.oem4f (.text:EMACSnow_init)
                  00013dc4    0000000c     os.aem4f : task.oem4f (.text:NDK_hookInit)
                  00013dd0    0000000c     stk.aem4f : nimu.oem4f (.text:NIMUSetRsvdSizeInfo)
                  00013ddc    0000000c     os.aem4f : task.oem4f (.text:NotifyLowResource)
                  00013de8    0000000c     stk.aem4f : pbm.oem4f (.text:PBM_close)
                  00013df4    0000000c     os.aem4f : semaphore.oem4f (.text:SemDelete)
                  00013e00    0000000c     rtsv7M4_T_le_v4SPD16_eabi.lib : ctime_.c.obj (.text:__ctime32)
                  00013e0c    0000000c     hal_timer_bios.aem4f : lltimer.oem4f (.text:_llTimerShutdown)
                  00013e18    0000000c     rtsv7M4_T_le_v4SPD16_eabi.lib : _lock.c.obj (.text:_register_lock)
                  00013e24    0000000c                                   : _lock.c.obj (.text:_register_unlock)
                  00013e30    0000000c     httpget.obj (.text:close)
                  00013e3c    0000000c     rtsv7M4_T_le_v4SPD16_eabi.lib : copy_zero_init.c.obj (.text:decompress:ZI:__TI_zero_init)
                  00013e48    0000000c     hal_timer_bios.aem4f : lltimer.oem4f (.text:llTimerGetStartTime)
                  00013e54    00000004     --HOLE-- [fill = 0]
                  00013e58    0000000c     sysbios.aem4f : BIOS.obj (.text:ti_sysbios_BIOS_getThreadType__E)
                  00013e64    00000004     --HOLE-- [fill = 0]
                  00013e68    0000000c                   : BIOS.obj (.text:ti_sysbios_family_arm_lm4_Timer_getMaxTicks__E)
                  00013e74    0000000c     httpget_pem4f.oem4f (.text:ti_sysbios_family_arm_m3_Hwi_Params__init__S)
                  00013e80    0000000c     sysbios.aem4f : BIOS.obj (.text:ti_sysbios_family_arm_m3_Hwi_disableFxn__E)
                  00013e8c    00000004     --HOLE-- [fill = 0]
                  00013e90    0000000c                   : BIOS.obj (.text:ti_sysbios_family_arm_m3_TaskSupport_checkStack__E)
                  00013e9c    00000004     --HOLE-- [fill = 0]
                  00013ea0    0000000c                   : BIOS.obj (.text:ti_sysbios_family_arm_m3_TaskSupport_getStackAlignment__E)
                  00013eac    00000004     --HOLE-- [fill = 0]
                  00013eb0    0000000c                   : BIOS.obj (.text:ti_sysbios_gates_GateHwi_enter__E)
                  00013ebc    0000000c     httpget_pem4f.oem4f (.text:ti_sysbios_knl_Clock_Params__init__S)
                  00013ec8    0000000c     sysbios.aem4f : BIOS.obj (.text:ti_sysbios_knl_Clock_getTicks__E)
                  00013ed4    0000000c     httpget_pem4f.oem4f (.text:ti_sysbios_knl_Queue_Object__get__S)
[...]
00016400  ti_sysbios_knl_Task_Object__DESC__C                                  
00016420  I2CTiva_fxnTable                                                     
0001643c  EMAC_config                                                          
0001646c  i2cTivaHWAttrs                                                       
00016484  ti_sysbios_gates_GateHwi_Object__PARAMS__C                           
0001649c  ti_sysbios_gates_GateMutex_Object__PARAMS__C                         
000164b4  ti_sysbios_knl_Queue_Object__PARAMS__C                               
000164cc  ti_sysbios_knl_Task_hooks__A                                         
000164e4  GPIOTiva_config                                                      
000164f8  xdc_runtime_Startup_firstFxns__A                                     
0001650c  xdc_runtime_Startup_sfxnRts__A                                       
00016520  I2C_defaultParams                                                    
00016530  emacHWAttrs                                                          
00016548  EMACSnow_fxnTable                                                    
00016550  ti_sysbios_family_arm_m3_Hwi_excHookFuncs__A                         
00016558  ti_sysbios_knl_Idle_funcList__A                                      
00016560  ti_sysbios_knl_Idle_funcList__C                                      
00016568  ti_sysbios_knl_Task_hooks__C                                         
00016570  xdc_runtime_Startup_firstFxns__C                                     
00016578  xdc_runtime_Startup_lastFxns__C                                      
00016580  ti_catalog_arm_cortexm4_tiva_ce_Boot_A_mustNotUseEnhancedClockMode__C
00016584  ti_catalog_arm_cortexm4_tiva_ce_Boot_Module__diagsEnabled__C         
00016588  ti_catalog_arm_cortexm4_tiva_ce_Boot_Module__diagsIncluded__C        
0001658c  ti_catalog_arm_cortexm4_tiva_ce_Boot_Module__diagsMask__C            
00016590  ti_sysbios_family_arm_lm4_Timer_enableFunc__C                        
00016594  ti_sysbios_family_arm_lm4_Timer_numTimerDevices__C                   
00016598  ti_sysbios_family_arm_lm4_Timer_startupNeeded__C                     
0001659c  ti_sysbios_family_arm_m3_Hwi_E_NMI__C                                
000165a0  ti_sysbios_family_arm_m3_Hwi_E_alreadyDefined__C                     
000165a4  ti_sysbios_family_arm_m3_Hwi_E_busFault__C                           
000165a8  ti_sysbios_family_arm_m3_Hwi_E_debugMon__C                           
000165ac  ti_sysbios_family_arm_m3_Hwi_E_hardFault__C                          
000165b0  ti_sysbios_family_arm_m3_Hwi_E_memFault__C                           
000165b4  ti_sysbios_family_arm_m3_Hwi_E_noIsr__C                              
000165b8  ti_sysbios_family_arm_m3_Hwi_E_reserved__C                           
000165bc  ti_sysbios_family_arm_m3_Hwi_E_svCall__C                             
000165c0  ti_sysbios_family_arm_m3_Hwi_E_usageFault__C                         
000165c4  ti_sysbios_family_arm_m3_Hwi_NUM_INTERRUPTS__C                       
000165c8  ti_sysbios_family_arm_m3_Hwi_Object__count__C                        
000165cc  ti_sysbios_family_arm_m3_Hwi_ccr__C                                  
000165d0  ti_sysbios_family_arm_m3_Hwi_excHandlerFunc__C                       
000165d4  ti_sysbios_family_arm_m3_Hwi_excHookFuncs__C                         
000165d8  ti_sysbios_family_arm_m3_Hwi_nullIsrFunc__C                          
000165dc  ti_sysbios_family_arm_m3_Hwi_priGroup__C                             
000165e0  ti_sysbios_family_arm_m3_TaskSupport_stackAlignment__C               
000165e4  ti_sysbios_gates_GateMutex_Instance_State_sem__O                     
000165e8  ti_sysbios_hal_Hwi_E_stackOverflow__C                                
000165ec  ti_sysbios_heaps_HeapMem_E_memory__C                                 
000165f0  ti_sysbios_heaps_HeapMem_Module__gateObj__C                          
000165f4  ti_sysbios_heaps_HeapMem_Object__count__C                            
000165f8  ti_sysbios_heaps_HeapMem_reqAlign__C                                 
000165fc  ti_sysbios_knl_Clock_Module_State_clockQ__O                          
00016600  ti_sysbios_knl_Mailbox_Instance_State_dataQue__O                     
00016604  ti_sysbios_knl_Mailbox_Instance_State_dataSem__O                     
00016608  ti_sysbios_knl_Mailbox_Instance_State_freeQue__O                     
0001660c  ti_sysbios_knl_Mailbox_Instance_State_freeSem__O                     
00016610  ti_sysbios_knl_Mailbox_Object__count__C                              
00016614  ti_sysbios_knl_Mailbox_maxTypeAlign__C                               
00016618  ti_sysbios_knl_Semaphore_Instance_State_pendQ__O                     
0001661c  ti_sysbios_knl_Swi_Object__count__C                                  
00016620  ti_sysbios_knl_Task_E_deleteNotAllowed__C                            
00016624  ti_sysbios_knl_Task_E_spOutOfBounds__C                               
00016628  ti_sysbios_knl_Task_E_stackOverflow__C                               
0001662c  ti_sysbios_knl_Task_Module_State_inactiveQ__O                        
00016630  ti_sysbios_knl_Task_Module_State_terminatedQ__O                      
00016634  ti_sysbios_knl_Task_Object__count__C                                 
00016638  ti_sysbios_knl_Task_Object__heap__C                                  
0001663c  ti_sysbios_knl_Task_allBlockedFunc__C                                
00016640  ti_sysbios_knl_Task_defaultStackHeap__C                              
00016644  ti_sysbios_knl_Task_defaultStackSize__C                              
00016648  ti_sysbios_knl_Task_numConstructedTasks__C                           
0001664c  xdc_runtime_Assert_E_assertFailed__C                                 
00016650  xdc_runtime_Core_A_initializedParams__C                              
00016654  xdc_runtime_Core_Module__diagsEnabled__C                             
00016658  xdc_runtime_Core_Module__diagsIncluded__C                            
0001665c  xdc_runtime_Core_Module__diagsMask__C                                
00016660  xdc_runtime_Error_E_memory__C                                        
00016664  xdc_runtime_Error_Module__diagsEnabled__C                            
00016668  xdc_runtime_Error_Module__diagsIncluded__C                           
0001666c  xdc_runtime_Error_Module__diagsMask__C                               
00016670  xdc_runtime_Error_Module__loggerFxn8__C                              
00016674  xdc_runtime_Error_Module__loggerObj__C                               
00016678  xdc_runtime_Error_policyFxn__C                                       
0001667c  xdc_runtime_Error_raiseHook__C                                       
00016680  xdc_runtime_IGateProvider_Interface__BASE__C                         
00016684  xdc_runtime_IHeap_Interface__BASE__C                                 
00016688  xdc_runtime_IModule_Interface__BASE__C                               
0001668c  xdc_runtime_Log_L_error__C                                           
00016690  xdc_runtime_Memory_defaultHeapInstance__C                            
00016694  xdc_runtime_Startup_execImpl__C                                      
00016698  xdc_runtime_Startup_maxPasses__C                                     
0001669c  xdc_runtime_Startup_sfxnRts__C                                       
000166a0  xdc_runtime_Startup_sfxnTab__C                                       
000166a4  xdc_runtime_SysMin_bufSize__C                                        
000166a8  xdc_runtime_SysMin_outputFunc__C                                     
000166ac  xdc_runtime_System_Module__gateObj__C                                
000166b0  xdc_runtime_System_abortFxn__C                                       
000166b4  xdc_runtime_System_exitFxn__C                                        
000166b8  xdc_runtime_System_extendFxn__C                                      
000166bc  xdc_runtime_System_maxAtexitHandlers__C                              
000166c0  xdc_runtime_Text_charTab__C                                          
000166c4  xdc_runtime_Text_nameEmpty__C                                        
000166c8  xdc_runtime_Text_nameStatic__C                                       
000166cc  xdc_runtime_Text_nameUnknown__C                                      
000166d0  xdc_runtime_Text_nodeTab__C                                          
000166d4  xdc_runtime_Text_visitRopeFxn__C                                     
000166d8  ti_sysbios_hal_Hwi_Module__id__C                                     
000166da  ti_sysbios_heaps_HeapMem_Module__id__C                               
000166dc  ti_sysbios_knl_Task_Module__id__C                                    
000166de  xdc_runtime_Core_Module__id__C                                       
000166e0  xdc_runtime_Error_Module__loggerDefined__C                           
000166e2  xdc_runtime_Error_maxDepth__C                                        
000166e4  xdc_runtime_Memory_Module__id__C                                     
000166e6  xdc_runtime_SysMin_flushAtExit__C                                    
000166e8  xdc_runtime_Text_charCnt__C                                          
000166ea  xdc_runtime_Text_isLoaded__C                                         
000166ec  xdc_runtime_Text_registryModsLastId__C                               
000166ee  xdc_runtime_Text_unnamedModsLastId__C                                
000166f0  __TI_static_base__                                                   
00016b10  __TI_Handler_Table_Base                                              
00016b1c  __TI_Handler_Table_Limit                                             
00016b30  __TI_CINIT_Base                                                      
00016b48  __TI_CINIT_Limit                                                     
20000000  __start___llvm_prf_cnts                                              
20000000  __stop___llvm_prf_cnts                                               
20000000  ti_sysbios_family_arm_m3_Hwi_ramVectors                              
20000380  ti_ndk_config_Global_pit                                             
20000498  ti_ndk_config_Global_pitBuffer                                       
2000cc98  ti_sysbios_heaps_HeapMem_Instance_State_0_buf__A                     
20014c98  ips                                                                  
20014d00  ti_ndk_config_Global_pBufMem                                         
20018900  ti_ndk_config_Global_pHdrMem                                         
20018bf8  ti_sysbios_knl_Task_Instance_State_0_stack__A                        
200191f8  ti_sysbios_knl_Task_Instance_State_1_stack__A                        
200193f8  ti_sysbios_family_arm_m3_Hwi_dispatchTable                           
20019758  __CIOBUF_                                                            
20019978  i2cTivaObjects                                                       
20019a78  tcps                                                                 
20019be8  ti_sysbios_knl_Mailbox_Instance_State_0_allocBuf__A                  
20019e38  xdc_runtime_SysMin_Module_State_0_outbuf__A                          
20019eb8  nimu_mcb                                                             
20019f1c  _ICMPIn                                                              
20019f68  _ICMPOut                                                             
20019ff4  vlan_mcb                                                             
2001a040  udps                                                                 
2001a080  BlockCount                                                           
2001a09c  BlockMax                                                             
2001a0b8  PageCount                                                            
2001a0d4  PageMax                                                              
2001a0f0  stkEvent                                                             
2001a13c  raweths                                                              
2001a14c  raws                                                                 
2001a160  ti_sysbios_knl_Mailbox_Instance_State_1_allocBuf__A                  
2001a170  PBMQ_free                                                            
2001a17c  tpseudo                                                              
2001a188  upseudo                                                              
2001a194  emacObjects                                                          
2001a19c  parmbuf                                                              
2001a1c0  _IGMPInDiscard                                                       
2001a1c4  _IGMPInQuery                                                         
2001a1c8  _IGMPInQueryGroup                                                    
2001a1cc  _IGMPInResponse                                                      
2001a1d0  _IGMPOutResponse                                                     
2001a1d4  calculatedTime                                                       
2001a1d8  ctr                                                                  
2001a1dc  g_ulStatus                                                           
2001a1f0  raw1900Time                                                          
2001a1f4  raweth_pcb                                                           
2001a1f8  ti_sysbios_knl_Task_Instance_State_0_hookEnv__A                      
2001a1fc  ti_sysbios_knl_Task_Instance_State_1_hookEnv__A                      
2001a200  updatedNTPTime                                                       
2001a204  _ipcfg                                                               
2001a2b8  ti_sysbios_knl_Mailbox_Object__table__V                              
2001a358  ti_sysbios_knl_Task_Object__table__V                                 
2001a3f0  ti_sysbios_family_arm_lm4_Timer_Object__table__V                     
2001a470  ti_sysbios_knl_Swi_Module_State_0_readyQ__A                          
2001a4f0  ti_sysbios_knl_Task_Module_State_0_readyQ__A                         
2001a5be  ti_sysbios_family_arm_m3_Hwi_Module_State_0_excActive__A             
2001a5c0  ti_sysbios_knl_Task_Module__state__V                                 
2001a684  ti_sysbios_family_arm_lm4_Timer_Module_State_0_device__A             
2001a6c4  ti_sysbios_knl_Semaphore_Object__table__V                            
2001a700  ti_sysbios_gates_GateMutex_Object__table__V                          
2001a76c  ti_sysbios_family_arm_m3_Hwi_Module__state__V                        
2001a7a0  enablePrefetch                                                       
2001a7a4  phyCounter                                                           
2001a7d2  xdc_runtime_Error_Module__state__V                                   
2001a804  ti_sysbios_family_arm_m3_Hwi_Object__table__V                        
2001a834  ti_sysbios_knl_Swi_Object__table__V                                  
2001a864  ti_sysbios_knl_Clock_Module__state__V                                
2001a890  pstrMsgName                                                          
2001a8b8  _oscfg                                                               
2001a900  PITCount                                                             
2001a904  PITUsed                                                              
2001a908  PITHigh                                                              
2001a924  ti_sysbios_BIOS_Module__state__V                                     
2001a948  ti_sysbios_family_arm_lm4_Timer_Module_State_0_handles__A            
2001a984  ti_ndk_config_Global_Id2Size                                         
2001a9a0  ti_sysbios_knl_Swi_Module__state__V                                  
2001aa04  ti_sysbios_heaps_HeapMem_Object__table__V                            
2001aa58  _tz                                                                  
2001aa68  gpioPinConfigs                                                       
2001aa80  _IGMPForceVersion1                                                   
2001aa88  ti_sysbios_family_arm_lm4_Timer_Module__state__V                     
2001aa94  xdc_runtime_SysMin_Module__state__V                                  
2001aaac  _lock                                                                
2001aab0  _unlock                                                              
2001aab4  NIMUDeviceTable                                                      
2001aabc  gpioCallbackFunctions                                                
2001aac4  ti_ndk_config_Global_HostName                                        
2001aac8  __xdc__init__addr                                                    
2001aadc  _ICMPInErrors                                                        
2001aae0  _ICMPOutErrors                                                       
2001aae4  _IPExecuting                                                         
2001aafc  tcp_iss                                                              
2001ab00  ptTimeFirst                                                          
2001ab0c  ti_sysbios_family_arm_m3_Hwi_Module__root__V                         
2001ab14  ti_sysbios_gates_GateHwi_Module__root__V                             
2001ab1c  ti_sysbios_gates_GateMutex_Module__root__V                           
2001ab24  ti_sysbios_hal_Timer_Object__table__V                                
2001ab2c  ti_sysbios_heaps_HeapMem_Module__root__V                             
2001ab34  ti_sysbios_knl_Clock_Module__root__V                                 
2001ab3c  ti_sysbios_knl_Queue_Module__root__V                                 
2001ab44  ti_sysbios_knl_Semaphore_Module__root__V                             
2001ab4c  ti_sysbios_knl_Swi_Module__root__V                                   
2001ab54  ti_sysbios_knl_Task_Module__root__V                                  
2001ab5c  xdc_runtime_Registry_Module__state__V                                
2001ab64  xdc_runtime_Startup_Module__state__V                                 
2001ab6c  xdc_runtime_System_Module_State_0_atexitHandlers__A                  
2001ab74  xdc_runtime_System_Module__state__V                                  
2001ab7c  macAddress                                                           
2001aba0  errno                                                                
2001aba4  main_func_sp                                                         
2001abac  _IPReasmPtr                                                          
2001abbc  ti_sysbios_family_arm_m3_Hwi_Module_State_0_excContext__A            
2001abc0  ti_sysbios_family_arm_m3_Hwi_Module_State_0_excStack__A              
2001abc4  ti_sysbios_gates_GateHwi_Object__table__V                            
2001abc8  ti_sysbios_knl_Task_Module_State_0_idleTask__A                       
2001abcc  xdc_runtime_Memory_Module__state__V                                  
2001abd0  __stack                                                              
2001b3d0  __STACK_END                                                          
e000e000  ti_sysbios_family_arm_m3_Hwi_nvic                                    
ffffffff  __TI_pprof_out_hndl                                                  
ffffffff  __TI_prof_data_size                                                  
ffffffff  __TI_prof_data_start                                                 
ffffffff  __binit__                                                            
ffffffff  __c_args__                                                           
ffffffff  binit                                                                
UNDEFED   SHT$$INIT_ARRAY$$Base                                                
UNDEFED   SHT$$INIT_ARRAY$$Limit                                               

[1090 symbols]
